Archive member included to satisfy reference by file (symbol)

C:/ST/STM32CubeIDE_1.18.0/STM32CubeIDE/plugins/com.st.stm32cube.ide.mcu.externaltools.gnu-tools-for-stm32.13.3.rel1.win32_1.0.0.202411081344/tools/bin/../lib/gcc/arm-none-eabi/13.3.1/../../../../arm-none-eabi/lib/thumb/v7e-m+fp/hard\libc_nano.a(libc_a-exit.o)
                              C:/ST/STM32CubeIDE_1.18.0/STM32CubeIDE/plugins/com.st.stm32cube.ide.mcu.externaltools.gnu-tools-for-stm32.13.3.rel1.win32_1.0.0.202411081344/tools/bin/../lib/gcc/arm-none-eabi/13.3.1/../../../../arm-none-eabi/lib/thumb/v7e-m+fp/hard/crt0.o (exit)
C:/ST/STM32CubeIDE_1.18.0/STM32CubeIDE/plugins/com.st.stm32cube.ide.mcu.externaltools.gnu-tools-for-stm32.13.3.rel1.win32_1.0.0.202411081344/tools/bin/../lib/gcc/arm-none-eabi/13.3.1/../../../../arm-none-eabi/lib/thumb/v7e-m+fp/hard\libc_nano.a(libc_a-malloc.o)
                              ./Middlewares/ST/STM32_USB_Device_Library/Class/CDC/Src/usbd_cdc.o (malloc)
C:/ST/STM32CubeIDE_1.18.0/STM32CubeIDE/plugins/com.st.stm32cube.ide.mcu.externaltools.gnu-tools-for-stm32.13.3.rel1.win32_1.0.0.202411081344/tools/bin/../lib/gcc/arm-none-eabi/13.3.1/../../../../arm-none-eabi/lib/thumb/v7e-m+fp/hard\libc_nano.a(libc_a-mallocr.o)
                              C:/ST/STM32CubeIDE_1.18.0/STM32CubeIDE/plugins/com.st.stm32cube.ide.mcu.externaltools.gnu-tools-for-stm32.13.3.rel1.win32_1.0.0.202411081344/tools/bin/../lib/gcc/arm-none-eabi/13.3.1/../../../../arm-none-eabi/lib/thumb/v7e-m+fp/hard\libc_nano.a(libc_a-malloc.o) (_malloc_r)
C:/ST/STM32CubeIDE_1.18.0/STM32CubeIDE/plugins/com.st.stm32cube.ide.mcu.externaltools.gnu-tools-for-stm32.13.3.rel1.win32_1.0.0.202411081344/tools/bin/../lib/gcc/arm-none-eabi/13.3.1/../../../../arm-none-eabi/lib/thumb/v7e-m+fp/hard\libc_nano.a(libc_a-mlock.o)
                              C:/ST/STM32CubeIDE_1.18.0/STM32CubeIDE/plugins/com.st.stm32cube.ide.mcu.externaltools.gnu-tools-for-stm32.13.3.rel1.win32_1.0.0.202411081344/tools/bin/../lib/gcc/arm-none-eabi/13.3.1/../../../../arm-none-eabi/lib/thumb/v7e-m+fp/hard\libc_nano.a(libc_a-mallocr.o) (__malloc_lock)
C:/ST/STM32CubeIDE_1.18.0/STM32CubeIDE/plugins/com.st.stm32cube.ide.mcu.externaltools.gnu-tools-for-stm32.13.3.rel1.win32_1.0.0.202411081344/tools/bin/../lib/gcc/arm-none-eabi/13.3.1/../../../../arm-none-eabi/lib/thumb/v7e-m+fp/hard\libc_nano.a(libc_a-nano-vfprintf_float.o)
                              (_printf_float)
C:/ST/STM32CubeIDE_1.18.0/STM32CubeIDE/plugins/com.st.stm32cube.ide.mcu.externaltools.gnu-tools-for-stm32.13.3.rel1.win32_1.0.0.202411081344/tools/bin/../lib/gcc/arm-none-eabi/13.3.1/../../../../arm-none-eabi/lib/thumb/v7e-m+fp/hard\libc_nano.a(libc_a-nano-vfprintf_i.o)
                              C:/ST/STM32CubeIDE_1.18.0/STM32CubeIDE/plugins/com.st.stm32cube.ide.mcu.externaltools.gnu-tools-for-stm32.13.3.rel1.win32_1.0.0.202411081344/tools/bin/../lib/gcc/arm-none-eabi/13.3.1/../../../../arm-none-eabi/lib/thumb/v7e-m+fp/hard\libc_nano.a(libc_a-nano-vfprintf_float.o) (_printf_common)
C:/ST/STM32CubeIDE_1.18.0/STM32CubeIDE/plugins/com.st.stm32cube.ide.mcu.externaltools.gnu-tools-for-stm32.13.3.rel1.win32_1.0.0.202411081344/tools/bin/../lib/gcc/arm-none-eabi/13.3.1/../../../../arm-none-eabi/lib/thumb/v7e-m+fp/hard\libc_nano.a(libc_a-nano-vfscanf_float.o)
                              (_scanf_float)
C:/ST/STM32CubeIDE_1.18.0/STM32CubeIDE/plugins/com.st.stm32cube.ide.mcu.externaltools.gnu-tools-for-stm32.13.3.rel1.win32_1.0.0.202411081344/tools/bin/../lib/gcc/arm-none-eabi/13.3.1/../../../../arm-none-eabi/lib/thumb/v7e-m+fp/hard\libc_nano.a(libc_a-findfp.o)
                              C:/ST/STM32CubeIDE_1.18.0/STM32CubeIDE/plugins/com.st.stm32cube.ide.mcu.externaltools.gnu-tools-for-stm32.13.3.rel1.win32_1.0.0.202411081344/tools/bin/../lib/gcc/arm-none-eabi/13.3.1/../../../../arm-none-eabi/lib/thumb/v7e-m+fp/hard\libc_nano.a(libc_a-exit.o) (__stdio_exit_handler)
C:/ST/STM32CubeIDE_1.18.0/STM32CubeIDE/plugins/com.st.stm32cube.ide.mcu.externaltools.gnu-tools-for-stm32.13.3.rel1.win32_1.0.0.202411081344/tools/bin/../lib/gcc/arm-none-eabi/13.3.1/../../../../arm-none-eabi/lib/thumb/v7e-m+fp/hard\libc_nano.a(libc_a-fwalk.o)
                              C:/ST/STM32CubeIDE_1.18.0/STM32CubeIDE/plugins/com.st.stm32cube.ide.mcu.externaltools.gnu-tools-for-stm32.13.3.rel1.win32_1.0.0.202411081344/tools/bin/../lib/gcc/arm-none-eabi/13.3.1/../../../../arm-none-eabi/lib/thumb/v7e-m+fp/hard\libc_nano.a(libc_a-findfp.o) (_fwalk_sglue)
C:/ST/STM32CubeIDE_1.18.0/STM32CubeIDE/plugins/com.st.stm32cube.ide.mcu.externaltools.gnu-tools-for-stm32.13.3.rel1.win32_1.0.0.202411081344/tools/bin/../lib/gcc/arm-none-eabi/13.3.1/../../../../arm-none-eabi/lib/thumb/v7e-m+fp/hard\libc_nano.a(libc_a-printf.o)
                              ./Core/Src/accelerometer.o (printf)
[...]
Memory Configuration

Name             Origin             Length             Attributes
RAM              0x20000000         0x00018000         xrw
RAM2             0x10000000         0x00008000         xrw
FLASH            0x08000000         0x00100000         xr
*default*        0x00000000         0xffffffff

Linker script and memory map

LOAD C:/ST/STM32CubeIDE_1.18.0/STM32CubeIDE/plugins/com.st.stm32cube.ide.mcu.externaltools.gnu-tools-for-stm32.13.3.rel1.win32_1.0.0.202411081344/tools/bin/../lib/gcc/arm-none-eabi/13.3.1/thumb/v7e-m+fp/hard/crti.o
LOAD C:/ST/STM32CubeIDE_1.18.0/STM32CubeIDE/plugins/com.st.stm32cube.ide.mcu.externaltools.gnu-tools-for-stm32.13.3.rel1.win32_1.0.0.202411081344/tools/bin/../lib/gcc/arm-none-eabi/13.3.1/thumb/v7e-m+fp/hard/crtbegin.o
LOAD C:/ST/STM32CubeIDE_1.18.0/STM32CubeIDE/plugins/com.st.stm32cube.ide.mcu.externaltools.gnu-tools-for-stm32.13.3.rel1.win32_1.0.0.202411081344/tools/bin/../lib/gcc/arm-none-eabi/13.3.1/../../../../arm-none-eabi/lib/thumb/v7e-m+fp/hard/crt0.o
LOAD ./Core/Src/accelerometer.o
LOAD ./Core/Src/gpio.o
LOAD ./Core/Src/gyroscope.o
LOAD ./Core/Src/i2c.o
LOAD ./Core/Src/main.o
LOAD ./Core/Src/spi.o
LOAD ./Core/Src/stm32l4xx_hal_msp.o
LOAD ./Core/Src/stm32l4xx_it.o
LOAD ./Core/Src/syscalls.o
LOAD ./Core/Src/sysmem.o
LOAD ./Core/Src/system_stm32l4xx.o
LOAD ./Core/Src/tim.o
LOAD ./Core/Src/usart.o
LOAD ./Core/Startup/startup_stm32l476vgtx.o
LOAD ./Drivers/BSP/Components/l3gd20/l3gd20.o
LOAD ./Drivers/BSP/Components/lsm303c/lsm303c.o
LOAD ./Drivers/BSP/STM32L476G-Discovery/stm32l476g_discovery.o
LOAD ./Drivers/BSP/STM32L476G-Discovery/stm32l476g_discovery_compass.o
LOAD ./Drivers/BSP/STM32L476G-Discovery/stm32l476g_discovery_gyroscope.o
LOAD ./Drivers/STM32L4xx_HAL_Driver/Src/stm32l4xx_hal.o
LOAD ./Drivers/STM32L4xx_HAL_Driver/Src/stm32l4xx_hal_cortex.o
LOAD ./Drivers/STM32L4xx_HAL_Driver/Src/stm32l4xx_hal_dma.o
LOAD ./Drivers/STM32L4xx_HAL_Driver/Src/stm32l4xx_hal_dma_ex.o
LOAD ./Drivers/STM32L4xx_HAL_Driver/Src/stm32l4xx_hal_exti.o
LOAD ./Drivers/STM32L4xx_HAL_Driver/Src/stm32l4xx_hal_flash.o
LOAD ./Drivers/STM32L4xx_HAL_Driver/Src/stm32l4xx_hal_flash_ex.o
LOAD ./Drivers/STM32L4xx_HAL_Driver/Src/stm32l4xx_hal_flash_ramfunc.o
LOAD ./Drivers/STM32L4xx_HAL_Driver/Src/stm32l4xx_hal_gpio.o
LOAD ./Drivers/STM32L4xx_HAL_Driver/Src/stm32l4xx_hal_i2c.o
LOAD ./Drivers/STM32L4xx_HAL_Driver/Src/stm32l4xx_hal_i2c_ex.o
LOAD ./Drivers/STM32L4xx_HAL_Driver/Src/stm32l4xx_hal_pcd.o
LOAD ./Drivers/STM32L4xx_HAL_Driver/Src/stm32l4xx_hal_pcd_ex.o
LOAD ./Drivers/STM32L4xx_HAL_Driver/Src/stm32l4xx_hal_pwr.o
LOAD ./Drivers/STM32L4xx_HAL_Driver/Src/stm32l4xx_hal_pwr_ex.o
LOAD ./Drivers/STM32L4xx_HAL_Driver/Src/stm32l4xx_hal_rcc.o
LOAD ./Drivers/STM32L4xx_HAL_Driver/Src/stm32l4xx_hal_rcc_ex.o
LOAD ./Drivers/STM32L4xx_HAL_Driver/Src/stm32l4xx_hal_spi.o
LOAD ./Drivers/STM32L4xx_HAL_Driver/Src/stm32l4xx_hal_spi_ex.o
LOAD ./Drivers/STM32L4xx_HAL_Driver/Src/stm32l4xx_hal_tim.o
LOAD ./Drivers/STM32L4xx_HAL_Driver/Src/stm32l4xx_hal_tim_ex.o
LOAD ./Drivers/STM32L4xx_HAL_Driver/Src/stm32l4xx_hal_uart.o
LOAD ./Drivers/STM32L4xx_HAL_Driver/Src/stm32l4xx_hal_uart_ex.o
LOAD ./Drivers/STM32L4xx_HAL_Driver/Src/stm32l4xx_ll_usb.o
LOAD ./Middlewares/ST/STM32_USB_Device_Library/Class/CDC/Src/usbd_cdc.o
LOAD ./Middlewares/ST/STM32_USB_Device_Library/Core/Src/usbd_core.o
LOAD ./Middlewares/ST/STM32_USB_Device_Library/Core/Src/usbd_ctlreq.o
LOAD ./Middlewares/ST/STM32_USB_Device_Library/Core/Src/usbd_ioreq.o
LOAD ./USB_DEVICE/App/usb_device.o
LOAD ./USB_DEVICE/App/usbd_cdc_if.o
LOAD ./USB_DEVICE/App/usbd_desc.o
LOAD ./USB_DEVICE/Target/usbd_conf.o
START GROUP
LOAD C:/ST/STM32CubeIDE_1.18.0/STM32CubeIDE/plugins/com.st.stm32cube.ide.mcu.externaltools.gnu-tools-for-stm32.13.3.rel1.win32_1.0.0.202411081344/tools/bin/../lib/gcc/arm-none-eabi/13.3.1/../../../../arm-none-eabi/lib/thumb/v7e-m+fp/hard\libc_nano.a
LOAD C:/ST/STM32CubeIDE_1.18.0/STM32CubeIDE/plugins/com.st.stm32cube.ide.mcu.externaltools.gnu-tools-for-stm32.13.3.rel1.win32_1.0.0.202411081344/tools/bin/../lib/gcc/arm-none-eabi/13.3.1/../../../../arm-none-eabi/lib/thumb/v7e-m+fp/hard\libm.a
END GROUP
START GROUP
LOAD C:/ST/STM32CubeIDE_1.18.0/STM32CubeIDE/plugins/com.st.stm32cube.ide.mcu.externaltools.gnu-tools-for-stm32.13.3.rel1.win32_1.0.0.202411081344/tools/bin/../lib/gcc/arm-none-eabi/13.3.1/thumb/v7e-m+fp/hard\libgcc.a
LOAD C:/ST/STM32CubeIDE_1.18.0/STM32CubeIDE/plugins/com.st.stm32cube.ide.mcu.externaltools.gnu-tools-for-stm32.13.3.rel1.win32_1.0.0.202411081344/tools/bin/../lib/gcc/arm-none-eabi/13.3.1/../../../../arm-none-eabi/lib/thumb/v7e-m+fp/hard\libc_nano.a
END GROUP
START GROUP
LOAD C:/ST/STM32CubeIDE_1.18.0/STM32CubeIDE/plugins/com.st.stm32cube.ide.mcu.externaltools.gnu-tools-for-stm32.13.3.rel1.win32_1.0.0.202411081344/tools/bin/../lib/gcc/arm-none-eabi/13.3.1/thumb/v7e-m+fp/hard\libgcc.a
LOAD C:/ST/STM32CubeIDE_1.18.0/STM32CubeIDE/plugins/com.st.stm32cube.ide.mcu.externaltools.gnu-tools-for-stm32.13.3.rel1.win32_1.0.0.202411081344/tools/bin/../lib/gcc/arm-none-eabi/13.3.1/../../../../arm-none-eabi/lib/thumb/v7e-m+fp/hard\libc_nano.a
LOAD C:/ST/STM32CubeIDE_1.18.0/STM32CubeIDE/plugins/com.st.stm32cube.ide.mcu.externaltools.gnu-tools-for-stm32.13.3.rel1.win32_1.0.0.202411081344/tools/bin/../lib/gcc/arm-none-eabi/13.3.1/../../../../arm-none-eabi/lib/thumb/v7e-m+fp/hard\libnosys.a
END GROUP
START GROUP
LOAD C:/ST/STM32CubeIDE_1.18.0/STM32CubeIDE/plugins/com.st.stm32cube.ide.mcu.externaltools.gnu-tools-for-stm32.13.3.rel1.win32_1.0.0.202411081344/tools/bin/../lib/gcc/arm-none-eabi/13.3.1/thumb/v7e-m+fp/hard\libgcc.a
LOAD C:/ST/STM32CubeIDE_1.18.0/STM32CubeIDE/plugins/com.st.stm32cube.ide.mcu.externaltools.gnu-tools-for-stm32.13.3.rel1.win32_1.0.0.202411081344/tools/bin/../lib/gcc/arm-none-eabi/13.3.1/../../../../arm-none-eabi/lib/thumb/v7e-m+fp/hard\libc_nano.a
LOAD C:/ST/STM32CubeIDE_1.18.0/STM32CubeIDE/plugins/com.st.stm32cube.ide.mcu.externaltools.gnu-tools-for-stm32.13.3.rel1.win32_1.0.0.202411081344/tools/bin/../lib/gcc/arm-none-eabi/13.3.1/../../../../arm-none-eabi/lib/thumb/v7e-m+fp/hard\libnosys.a
END GROUP
LOAD C:/ST/STM32CubeIDE_1.18.0/STM32CubeIDE/plugins/com.st.stm32cube.ide.mcu.externaltools.gnu-tools-for-stm32.13.3.rel1.win32_1.0.0.202411081344/tools/bin/../lib/gcc/arm-none-eabi/13.3.1/thumb/v7e-m+fp/hard/crtend.o
LOAD C:/ST/STM32CubeIDE_1.18.0/STM32CubeIDE/plugins/com.st.stm32cube.ide.mcu.externaltools.gnu-tools-for-stm32.13.3.rel1.win32_1.0.0.202411081344/tools/bin/../lib/gcc/arm-none-eabi/13.3.1/thumb/v7e-m+fp/hard/crtn.o
                0x20018000                        _estack = (ORIGIN (RAM) + LENGTH (RAM))
                0x00000200                        _Min_Heap_Size = 0x200
                0x00000400                        _Min_Stack_Size = 0x400

.isr_vector     0x08000000      0x188
                0x08000000                        . = ALIGN (0x4)
 *(.isr_vector)
 .isr_vector    0x08000000      0x188 ./Core/Startup/startup_stm32l476vgtx.o
                0x08000000                g_pfnVectors
                0x08000188                        . = ALIGN (0x4)

.text           0x08000190     0xf2bc
                0x08000190                        . = ALIGN (0x4)
 *(.text)
 .text          0x08000190       0x40 C:/ST/STM32CubeIDE_1.18.0/STM32CubeIDE/plugins/com.st.stm32cube.ide.mcu.externaltools.gnu-tools-for-stm32.13.3.rel1.win32_1.0.0.202411081344/tools/bin/../lib/gcc/arm-none-eabi/13.3.1/thumb/v7e-m+fp/hard/crtbegin.o
 .text          0x080001d0       0xa0 C:/ST/STM32CubeIDE_1.18.0/STM32CubeIDE/plugins/com.st.stm32cube.ide.mcu.externaltools.gnu-tools-for-stm32.13.3.rel1.win32_1.0.0.202411081344/tools/bin/../lib/gcc/arm-none-eabi/13.3.1/../../../../arm-none-eabi/lib/thumb/v7e-m+fp/hard\libc_nano.a(libc_a-memchr.o)
                0x080001d0                memchr
 .text          0x08000270       0x10 C:/ST/STM32CubeIDE_1.18.0/STM32CubeIDE/plugins/com.st.stm32cube.ide.mcu.externaltools.gnu-tools-for-stm32.13.3.rel1.win32_1.0.0.202411081344/tools/bin/../lib/gcc/arm-none-eabi/13.3.1/../../../../arm-none-eabi/lib/thumb/v7e-m+fp/hard\libc_nano.a(libc_a-strlen.o)
                0x08000270                strlen
 .text          0x08000280      0x378 C:/ST/STM32CubeIDE_1.18.0/STM32CubeIDE/plugins/com.st.stm32cube.ide.mcu.externaltools.gnu-tools-for-stm32.13.3.rel1.win32_1.0.0.202411081344/tools/bin/../lib/gcc/arm-none-eabi/13.3.1/thumb/v7e-m+fp/hard\libgcc.a(_arm_addsubdf3.o)
                0x08000280                __aeabi_drsub
                0x08000288                __aeabi_dsub
                0x08000288                __subdf3
                0x0800028c                __aeabi_dadd
                0x0800028c                __adddf3
                0x08000504                __floatunsidf
                0x08000504                __aeabi_ui2d
                0x08000524                __floatsidf
                0x08000524                __aeabi_i2d
                0x08000548                __aeabi_f2d
                0x08000548                __extendsfdf2
                0x0800058c                __floatundidf
                0x0800058c                __aeabi_ul2d
                0x0800059c                __floatdidf
                0x0800059c                __aeabi_l2d
 .text          0x080005f8      0x424 C:/ST/STM32CubeIDE_1.18.0/STM32CubeIDE/plugins/com.st.stm32cube.ide.mcu.externaltools.gnu-tools-for-stm32.13.3.rel1.win32_1.0.0.202411081344/tools/bin/../lib/gcc/arm-none-eabi/13.3.1/thumb/v7e-m+fp/hard\libgcc.a(_arm_muldivdf3.o)
                0x080005f8                __aeabi_dmul
                0x080005f8                __muldf3
                0x0800084c                __divdf3
                0x0800084c                __aeabi_ddiv
 .text          0x08000a1c      0x110 C:/ST/STM32CubeIDE_1.18.0/STM32CubeIDE/plugins/com.st.stm32cube.ide.mcu.externaltools.gnu-tools-for-stm32.13.3.rel1.win32_1.0.0.202411081344/tools/bin/../lib/gcc/arm-none-eabi/13.3.1/thumb/v7e-m+fp/hard\libgcc.a(_arm_cmpdf2.o)
                0x08000a1c                __gtdf2
                0x08000a1c                __gedf2
                0x08000a24                __ltdf2
                0x08000a24                __ledf2
                0x08000a2c                __nedf2
                0x08000a2c                __eqdf2
                0x08000a2c                __cmpdf2
                0x08000aa8                __aeabi_cdrcmple
                0x08000ab8                __aeabi_cdcmpeq
                0x08000ab8                __aeabi_cdcmple
                0x08000ac8                __aeabi_dcmpeq
                0x08000adc                __aeabi_dcmplt
                0x08000af0                __aeabi_dcmple
                0x08000b04                __aeabi_dcmpge
                0x08000b18                __aeabi_dcmpgt
 .text          0x08000b2c       0x2c C:/ST/STM32CubeIDE_1.18.0/STM32CubeIDE/plugins/com.st.stm32cube.ide.mcu.externaltools.gnu-tools-for-stm32.13.3.rel1.win32_1.0.0.202411081344/tools/bin/../lib/gcc/arm-none-eabi/13.3.1/thumb/v7e-m+fp/hard\libgcc.a(_arm_unorddf2.o)
                0x08000b2c                __unorddf2
                0x08000b2c                __aeabi_dcmpun
 .text          0x08000b58       0x50 C:/ST/STM32CubeIDE_1.18.0/STM32CubeIDE/plugins/com.st.stm32cube.ide.mcu.externaltools.gnu-tools-for-stm32.13.3.rel1.win32_1.0.0.202411081344/tools/bin/../lib/gcc/arm-none-eabi/13.3.1/thumb/v7e-m+fp/hard\libgcc.a(_arm_fixdfsi.o)
                0x08000b58                __aeabi_d2iz
                0x08000b58                __fixdfsi
 .text          0x08000ba8       0x40 C:/ST/STM32CubeIDE_1.18.0/STM32CubeIDE/plugins/com.st.stm32cube.ide.mcu.externaltools.gnu-tools-for-stm32.13.3.rel1.win32_1.0.0.202411081344/tools/bin/../lib/gcc/arm-none-eabi/13.3.1/thumb/v7e-m+fp/hard\libgcc.a(_arm_fixunsdfsi.o)
                0x08000ba8                __aeabi_d2uiz
                0x08000ba8                __fixunsdfsi
 .text          0x08000be8       0xa0 C:/ST/STM32CubeIDE_1.18.0/STM32CubeIDE/plugins/com.st.stm32cube.ide.mcu.externaltools.gnu-tools-for-stm32.13.3.rel1.win32_1.0.0.202411081344/tools/bin/../lib/gcc/arm-none-eabi/13.3.1/thumb/v7e-m+fp/hard\libgcc.a(_arm_truncdfsf2.o)
                0x08000be8                __truncdfsf2
                0x08000be8                __aeabi_d2f
 .text          0x08000c88       0x30 C:/ST/STM32CubeIDE_1.18.0/STM32CubeIDE/plugins/com.st.stm32cube.ide.mcu.externaltools.gnu-tools-for-stm32.13.3.rel1.win32_1.0.0.202411081344/tools/bin/../lib/gcc/arm-none-eabi/13.3.1/thumb/v7e-m+fp/hard\libgcc.a(_aeabi_uldivmod.o)
                0x08000c88                __aeabi_uldivmod
 .text          0x08000cb8       0x30 C:/ST/STM32CubeIDE_1.18.0/STM32CubeIDE/plugins/com.st.stm32cube.ide.mcu.externaltools.gnu-tools-for-stm32.13.3.rel1.win32_1.0.0.202411081344/tools/bin/../lib/gcc/arm-none-eabi/13.3.1/thumb/v7e-m+fp/hard\libgcc.a(_fixdfdi.o)
                0x08000cb8                __fixdfdi
                0x08000cb8                __aeabi_d2lz
 .text          0x08000ce8       0x3c C:/ST/STM32CubeIDE_1.18.0/STM32CubeIDE/plugins/com.st.stm32cube.ide.mcu.externaltools.gnu-tools-for-stm32.13.3.rel1.win32_1.0.0.202411081344/tools/bin/../lib/gcc/arm-none-eabi/13.3.1/thumb/v7e-m+fp/hard\libgcc.a(_fixunsdfdi.o)
                0x08000ce8                __fixunsdfdi
                0x08000ce8                __aeabi_d2ulz
 .text          0x08000d24      0x2f8 C:/ST/STM32CubeIDE_1.18.0/STM32CubeIDE/plugins/com.st.stm32cube.ide.mcu.externaltools.gnu-tools-for-stm32.13.3.rel1.win32_1.0.0.202411081344/tools/bin/../lib/gcc/arm-none-eabi/13.3.1/thumb/v7e-m+fp/hard\libgcc.a(_udivmoddi4.o)
                0x08000d24                __udivmoddi4
 .text          0x0800101c        0x4 C:/ST/STM32CubeIDE_1.18.0/STM32CubeIDE/plugins/com.st.stm32cube.ide.mcu.externaltools.gnu-tools-for-stm32.13.3.rel1.win32_1.0.0.202411081344/tools/bin/../lib/gcc/arm-none-eabi/13.3.1/thumb/v7e-m+fp/hard\libgcc.a(_dvmd_tls.o)
                0x0800101c                __aeabi_idiv0
                0x0800101c                __aeabi_ldiv0
 *(.text*)
 .text.accInit  0x08001020       0x4c ./Core/Src/accelerometer.o
                0x08001020                accInit
 .text.accel_calibrate
                0x0800106c       0xb4 ./Core/Src/accelerometer.o
                0x0800106c                accel_calibrate
 .text.accel_lpf_int
                0x08001120       0x52 ./Core/Src/accelerometer.o
                0x08001120                accel_lpf_int
 *fill*         0x08001172        0x2 
 .text.AccGetData
                0x08001174       0x74 ./Core/Src/accelerometer.o
                0x08001174                AccGetData
 .text.MX_GPIO_Init
                0x080011e8      0x238 ./Core/Src/gpio.o
                0x080011e8                MX_GPIO_Init
 .text.GyroInit
                0x08001420       0x4c ./Core/Src/gyroscope.o
                0x08001420                GyroInit
 .text.MX_I2C1_Init
                0x0800146c       0x80 ./Core/Src/i2c.o
                0x0800146c                MX_I2C1_Init
 .text.HAL_I2C_MspInit
                0x080014ec       0x88 ./Core/Src/i2c.o
                0x080014ec                HAL_I2C_MspInit
 .text.main     0x08001574       0x8c ./Core/Src/main.o
                0x08001574                main
 .text.SystemClock_Config
                0x08001600      0x13c ./Core/Src/main.o
                0x08001600                SystemClock_Config
 .text.computeCRC8
                0x0800173c       0x76 ./Core/Src/main.o
                0x0800173c                computeCRC8
 .text._write   0x080017b2       0xe4 ./Core/Src/main.o
                0x080017b2                _write
 *fill*         0x08001896        0x2 
 .text.Error_Handler
                0x08001898       0x28 ./Core/Src/main.o
                0x08001898                Error_Handler
 .text.MX_SPI2_Init
                0x080018c0       0x7c ./Core/Src/spi.o
                0x080018c0                MX_SPI2_Init
 .text.HAL_SPI_MspInit
                0x0800193c       0x98 ./Core/Src/spi.o
                0x0800193c                HAL_SPI_MspInit
 .text.HAL_MspInit
                0x080019d4       0x48 ./Core/Src/stm32l4xx_hal_msp.o
                0x080019d4                HAL_MspInit
 .text.NMI_Handler
                0x08001a1c        0xe ./Core/Src/stm32l4xx_it.o
                0x08001a1c                NMI_Handler
 .text.HardFault_Handler
                0x08001a2a        0x8 ./Core/Src/stm32l4xx_it.o
                0x08001a2a                HardFault_Handler
 .text.MemManage_Handler
                0x08001a32        0x8 ./Core/Src/stm32l4xx_it.o
                0x08001a32                MemManage_Handler
 .text.BusFault_Handler
                0x08001a3a        0x8 ./Core/Src/stm32l4xx_it.o
                0x08001a3a                BusFault_Handler
 .text.UsageFault_Handler
                0x08001a42        0x8 ./Core/Src/stm32l4xx_it.o
                0x08001a42                UsageFault_Handler
 .text.SVC_Handler
                0x08001a4a        0xe ./Core/Src/stm32l4xx_it.o
                0x08001a4a                SVC_Handler
 .text.DebugMon_Handler
                0x08001a58        0xe ./Core/Src/stm32l4xx_it.o
                0x08001a58                DebugMon_Handler
 .text.PendSV_Handler
                0x08001a66        0xe ./Core/Src/stm32l4xx_it.o
                0x08001a66                PendSV_Handler
 .text.SysTick_Handler
                0x08001a74        0xc ./Core/Src/stm32l4xx_it.o
                0x08001a74                SysTick_Handler
 .text.SPI2_IRQHandler
                0x08001a80       0x14 ./Core/Src/stm32l4xx_it.o
                0x08001a80                SPI2_IRQHandler
 .text.USART2_IRQHandler
                0x08001a94       0x14 ./Core/Src/stm32l4xx_it.o
                0x08001a94                USART2_IRQHandler
 .text.OTG_FS_IRQHandler
                0x08001aa8       0x14 ./Core/Src/stm32l4xx_it.o
                0x08001aa8                OTG_FS_IRQHandler
 .text._getpid  0x08001abc       0x10 ./Core/Src/syscalls.o
                0x08001abc                _getpid
 .text._kill    0x08001acc       0x20 ./Core/Src/syscalls.o
                0x08001acc                _kill
 .text._exit    0x08001aec       0x16 ./Core/Src/syscalls.o
                0x08001aec                _exit
 .text._read    0x08001b02       0x3a ./Core/Src/syscalls.o
                0x08001b02                _read
 .text._close   0x08001b3c       0x18 ./Core/Src/syscalls.o
                0x08001b3c                _close
 .text._fstat   0x08001b54       0x20 ./Core/Src/syscalls.o
                0x08001b54                _fstat
 .text._isatty  0x08001b74       0x16 ./Core/Src/syscalls.o
                0x08001b74                _isatty
 .text._lseek   0x08001b8a       0x1a ./Core/Src/syscalls.o
                0x08001b8a                _lseek
 .text._sbrk    0x08001ba4       0x6c ./Core/Src/sysmem.o
                0x08001ba4                _sbrk
 .text.SystemInit
                0x08001c10       0x6c ./Core/Src/system_stm32l4xx.o
                0x08001c10                SystemInit
 .text.MX_TIM6_Init
                0x08001c7c       0x6c ./Core/Src/tim.o
                0x08001c7c                MX_TIM6_Init
 .text.HAL_TIM_Base_MspInit
                0x08001ce8       0x40 ./Core/Src/tim.o
                0x08001ce8                HAL_TIM_Base_MspInit
 .text.MX_USART2_UART_Init
                0x08001d28       0x60 ./Core/Src/usart.o
                0x08001d28                MX_USART2_UART_Init
 .text.HAL_UART_MspInit
                0x08001d88       0x98 ./Core/Src/usart.o
                0x08001d88                HAL_UART_MspInit
 .text.Reset_Handler
                0x08001e20       0x50 ./Core/Startup/startup_stm32l476vgtx.o
                0x08001e20                Reset_Handler
 .text.Default_Handler
                0x08001e70        0x2 ./Core/Startup/startup_stm32l476vgtx.o
                0x08001e70                RTC_Alarm_IRQHandler
                0x08001e70                EXTI2_IRQHandler
                0x08001e70                TIM8_TRG_COM_IRQHandler
                0x08001e70                TIM8_CC_IRQHandler
                0x08001e70                TIM1_CC_IRQHandler
                0x08001e70                TSC_IRQHandler
                0x08001e70                TAMP_STAMP_IRQHandler
                0x08001e70                EXTI3_IRQHandler
                0x08001e70                LPTIM2_IRQHandler
                0x08001e70                DFSDM1_FLT1_IRQHandler
                0x08001e70                I2C3_ER_IRQHandler
                0x08001e70                DFSDM1_FLT2_IRQHandler
                0x08001e70                EXTI0_IRQHandler
                0x08001e70                I2C2_EV_IRQHandler
                0x08001e70                CAN1_RX0_IRQHandler
                0x08001e70                FPU_IRQHandler
                0x08001e70                TIM1_UP_TIM16_IRQHandler
                0x08001e70                ADC1_2_IRQHandler
                0x08001e70                SPI1_IRQHandler
                0x08001e70                TIM6_DAC_IRQHandler
                0x08001e70                TIM8_UP_IRQHandler
                0x08001e70                DMA2_Channel2_IRQHandler
                0x08001e70                DMA1_Channel4_IRQHandler
                0x08001e70                SAI2_IRQHandler
                0x08001e70                DFSDM1_FLT3_IRQHandler
                0x08001e70                USART3_IRQHandler
                0x08001e70                DMA1_Channel7_IRQHandler
                0x08001e70                CAN1_RX1_IRQHandler
                0x08001e70                LCD_IRQHandler
                0x08001e70                UART5_IRQHandler
                0x08001e70                ADC3_IRQHandler
                0x08001e70                TIM4_IRQHandler
                0x08001e70                DMA2_Channel1_IRQHandler
                0x08001e70                QUADSPI_IRQHandler
                0x08001e70                I2C1_EV_IRQHandler
                0x08001e70                DMA1_Channel6_IRQHandler
                0x08001e70                UART4_IRQHandler
                0x08001e70                DMA2_Channel4_IRQHandler
                0x08001e70                TIM3_IRQHandler
                0x08001e70                RCC_IRQHandler
                0x08001e70                DMA1_Channel1_IRQHandler
                0x08001e70                Default_Handler
                0x08001e70                DMA2_Channel7_IRQHandler
                0x08001e70                EXTI15_10_IRQHandler
                0x08001e70                TIM7_IRQHandler
                0x08001e70                SDMMC1_IRQHandler
                0x08001e70                TIM5_IRQHandler
                0x08001e70                I2C3_EV_IRQHandler
                0x08001e70                EXTI9_5_IRQHandler
                0x08001e70                RTC_WKUP_IRQHandler
                0x08001e70                PVD_PVM_IRQHandler
                0x08001e70                CAN1_TX_IRQHandler
                0x08001e70                DMA2_Channel5_IRQHandler
                0x08001e70                DMA1_Channel5_IRQHandler
                0x08001e70                EXTI4_IRQHandler
                0x08001e70                RNG_IRQHandler
                0x08001e70                TIM1_TRG_COM_TIM17_IRQHandler
                0x08001e70                DMA1_Channel3_IRQHandler
                0x08001e70                COMP_IRQHandler
                0x08001e70                WWDG_IRQHandler
                0x08001e70                LPUART1_IRQHandler
                0x08001e70                DMA2_Channel6_IRQHandler
                0x08001e70                TIM2_IRQHandler
                0x08001e70                EXTI1_IRQHandler
                0x08001e70                DFSDM1_FLT0_IRQHandler
                0x08001e70                I2C2_ER_IRQHandler
                0x08001e70                DMA1_Channel2_IRQHandler
                0x08001e70                TIM8_BRK_IRQHandler
                0x08001e70                CAN1_SCE_IRQHandler
                0x08001e70                FLASH_IRQHandler
                0x08001e70                USART1_IRQHandler
                0x08001e70                SPI3_IRQHandler
                0x08001e70                I2C1_ER_IRQHandler
                0x08001e70                FMC_IRQHandler
                0x08001e70                SWPMI1_IRQHandler
                0x08001e70                LPTIM1_IRQHandler
                0x08001e70                SAI1_IRQHandler
                0x08001e70                DMA2_Channel3_IRQHandler
                0x08001e70                TIM1_BRK_TIM15_IRQHandler
 .text.L3GD20_Init
                0x08001e72       0x46 ./Drivers/BSP/Components/l3gd20/l3gd20.o
                0x08001e72                L3GD20_Init
 .text.L3GD20_DeInit
                0x08001eb8        0xe ./Drivers/BSP/Components/l3gd20/l3gd20.o
                0x08001eb8                L3GD20_DeInit
 .text.L3GD20_ReadID
                0x08001ec6       0x20 ./Drivers/BSP/Components/l3gd20/l3gd20.o
                0x08001ec6                L3GD20_ReadID
 .text.L3GD20_RebootCmd
                0x08001ee6       0x30 ./Drivers/BSP/Components/l3gd20/l3gd20.o
                0x08001ee6                L3GD20_RebootCmd
 .text.L3GD20_LowPower
                0x08001f16       0x2a ./Drivers/BSP/Components/l3gd20/l3gd20.o
                0x08001f16                L3GD20_LowPower
 .text.L3GD20_INT1InterruptConfig
                0x08001f40       0x86 ./Drivers/BSP/Components/l3gd20/l3gd20.o
                0x08001f40                L3GD20_INT1InterruptConfig
 .text.L3GD20_EnableIT
                0x08001fc6       0x64 ./Drivers/BSP/Components/l3gd20/l3gd20.o
                0x08001fc6                L3GD20_EnableIT
 .text.L3GD20_DisableIT
                0x0800202a       0x58 ./Drivers/BSP/Components/l3gd20/l3gd20.o
                0x0800202a                L3GD20_DisableIT
 .text.L3GD20_FilterConfig
                0x08002082       0x42 ./Drivers/BSP/Components/l3gd20/l3gd20.o
                0x08002082                L3GD20_FilterConfig
 .text.L3GD20_FilterCmd
                0x080020c4       0x42 ./Drivers/BSP/Components/l3gd20/l3gd20.o
                0x080020c4                L3GD20_FilterCmd
 *fill*         0x08002106        0x2 
 .text.L3GD20_ReadXYZAngRate
                0x08002108      0x150 ./Drivers/BSP/Components/l3gd20/l3gd20.o
                0x08002108                L3GD20_ReadXYZAngRate
 .text.LSM303C_AccInit
                0x08002258       0x3a ./Drivers/BSP/Components/lsm303c/lsm303c.o
                0x08002258                LSM303C_AccInit
 .text.LSM303C_AccDeInit
                0x08002292        0xe ./Drivers/BSP/Components/lsm303c/lsm303c.o
                0x08002292                LSM303C_AccDeInit
 .text.LSM303C_AccReadID
                0x080022a0       0x2a ./Drivers/BSP/Components/lsm303c/lsm303c.o
                0x080022a0                LSM303C_AccReadID
 .text.LSM303C_AccLowPower
                0x080022ca       0x3c ./Drivers/BSP/Components/lsm303c/lsm303c.o
                0x080022ca                LSM303C_AccLowPower
 .text.LSM303C_AccFilterConfig
                0x08002306       0x20 ./Drivers/BSP/Components/lsm303c/lsm303c.o
                0x08002306                LSM303C_AccFilterConfig
 .text.LSM303C_AccReadXYZ
                0x08002326      0x110 ./Drivers/BSP/Components/lsm303c/lsm303c.o
                0x08002326                LSM303C_AccReadXYZ
 .text.LSM303C_MagInit
                0x08002436       0x46 ./Drivers/BSP/Components/lsm303c/lsm303c.o
                0x08002436                LSM303C_MagInit
 .text.LSM303C_MagDeInit
                0x0800247c        0xe ./Drivers/BSP/Components/lsm303c/lsm303c.o
                0x0800247c                LSM303C_MagDeInit
 .text.LSM303C_MagReadID
                0x0800248a       0x1c ./Drivers/BSP/Components/lsm303c/lsm303c.o
                0x0800248a                LSM303C_MagReadID
 .text.LSM303C_MagLowPower
                0x080024a6       0x3c ./Drivers/BSP/Components/lsm303c/lsm303c.o
                0x080024a6                LSM303C_MagLowPower
 .text.LSM303C_MagReadXYZ
                0x080024e2       0xe6 ./Drivers/BSP/Components/lsm303c/lsm303c.o
                0x080024e2                LSM303C_MagReadXYZ
 .text.SPIx_Init
                0x080025c8       0x78 ./Drivers/BSP/STM32L476G-Discovery/stm32l476g_discovery.o
 .text.SPIx_MspInit
                0x08002640       0x68 ./Drivers/BSP/STM32L476G-Discovery/stm32l476g_discovery.o
 .text.SPIx_WriteRead
                0x080026a8       0x90 ./Drivers/BSP/STM32L476G-Discovery/stm32l476g_discovery.o
 .text.SPIx_Write
                0x08002738       0x64 ./Drivers/BSP/STM32L476G-Discovery/stm32l476g_discovery.o
 .text.SPIx_Read
                0x0800279c       0x94 ./Drivers/BSP/STM32L476G-Discovery/stm32l476g_discovery.o
 .text.ACCELERO_IO_Init
                0x08002830       0x58 ./Drivers/BSP/STM32L476G-Discovery/stm32l476g_discovery.o
                0x08002830                ACCELERO_IO_Init
 .text.ACCELERO_IO_Write
                0x08002888       0x64 ./Drivers/BSP/STM32L476G-Discovery/stm32l476g_discovery.o
                0x08002888                ACCELERO_IO_Write
 .text.ACCELERO_IO_Read
                0x080028ec       0x88 ./Drivers/BSP/STM32L476G-Discovery/stm32l476g_discovery.o
                0x080028ec                ACCELERO_IO_Read
 .text.MAGNETO_IO_Init
                0x08002974       0x58 ./Drivers/BSP/STM32L476G-Discovery/stm32l476g_discovery.o
                0x08002974                MAGNETO_IO_Init
 .text.MAGNETO_IO_Write
                0x080029cc       0x64 ./Drivers/BSP/STM32L476G-Discovery/stm32l476g_discovery.o
                0x080029cc                MAGNETO_IO_Write
 .text.MAGNETO_IO_Read
                0x08002a30       0x88 ./Drivers/BSP/STM32L476G-Discovery/stm32l476g_discovery.o
                0x08002a30                MAGNETO_IO_Read
 .text.GYRO_IO_Init
                0x08002ab8      0x140 ./Drivers/BSP/STM32L476G-Discovery/stm32l476g_discovery.o
                0x08002ab8                GYRO_IO_Init
 .text.GYRO_IO_Write
                0x08002bf8       0x78 ./Drivers/BSP/STM32L476G-Discovery/stm32l476g_discovery.o
                0x08002bf8                GYRO_IO_Write
 .text.GYRO_IO_Read
                0x08002c70       0x88 ./Drivers/BSP/STM32L476G-Discovery/stm32l476g_discovery.o
                0x08002c70                GYRO_IO_Read
 .text.BSP_COMPASS_Init
                0x08002cf8       0xf8 ./Drivers/BSP/STM32L476G-Discovery/stm32l476g_discovery_compass.o
                0x08002cf8                BSP_COMPASS_Init
 .text.BSP_GYRO_Init
                0x08002df0       0xd0 ./Drivers/BSP/STM32L476G-Discovery/stm32l476g_discovery_gyroscope.o
                0x08002df0                BSP_GYRO_Init
 .text.HAL_Init
                0x08002ec0       0x40 ./Drivers/STM32L4xx_HAL_Driver/Src/stm32l4xx_hal.o
                0x08002ec0                HAL_Init
 .text.HAL_InitTick
                0x08002f00       0x78 ./Drivers/STM32L4xx_HAL_Driver/Src/stm32l4xx_hal.o
                0x08002f00                HAL_InitTick
 .text.HAL_IncTick
                0x08002f78       0x28 ./Drivers/STM32L4xx_HAL_Driver/Src/stm32l4xx_hal.o
                0x08002f78                HAL_IncTick
 .text.HAL_GetTick
                0x08002fa0       0x18 ./Drivers/STM32L4xx_HAL_Driver/Src/stm32l4xx_hal.o
                0x08002fa0                HAL_GetTick
 .text.HAL_Delay
                0x08002fb8       0x48 ./Drivers/STM32L4xx_HAL_Driver/Src/stm32l4xx_hal.o
                0x08002fb8                HAL_Delay
 .text.__NVIC_SetPriorityGrouping
                0x08003000       0x48 ./Drivers/STM32L4xx_HAL_Driver/Src/stm32l4xx_hal_cortex.o
 .text.__NVIC_GetPriorityGrouping
                0x08003048       0x1c ./Drivers/STM32L4xx_HAL_Driver/Src/stm32l4xx_hal_cortex.o
 .text.__NVIC_EnableIRQ
                0x08003064       0x3c ./Drivers/STM32L4xx_HAL_Driver/Src/stm32l4xx_hal_cortex.o
 .text.__NVIC_SetPriority
                0x080030a0       0x54 ./Drivers/STM32L4xx_HAL_Driver/Src/stm32l4xx_hal_cortex.o
 .text.NVIC_EncodePriority
                0x080030f4       0x66 ./Drivers/STM32L4xx_HAL_Driver/Src/stm32l4xx_hal_cortex.o
 *fill*         0x0800315a        0x2 
 .text.SysTick_Config
                0x0800315c       0x44 ./Drivers/STM32L4xx_HAL_Driver/Src/stm32l4xx_hal_cortex.o
 .text.HAL_NVIC_SetPriorityGrouping
                0x080031a0       0x16 ./Drivers/STM32L4xx_HAL_Driver/Src/stm32l4xx_hal_cortex.o
                0x080031a0                HAL_NVIC_SetPriorityGrouping
 .text.HAL_NVIC_SetPriority
                0x080031b6       0x38 ./Drivers/STM32L4xx_HAL_Driver/Src/stm32l4xx_hal_cortex.o
                0x080031b6                HAL_NVIC_SetPriority
 .text.HAL_NVIC_EnableIRQ
                0x080031ee       0x1c ./Drivers/STM32L4xx_HAL_Driver/Src/stm32l4xx_hal_cortex.o
                0x080031ee                HAL_NVIC_EnableIRQ
 .text.HAL_SYSTICK_Config
                0x0800320a       0x18 ./Drivers/STM32L4xx_HAL_Driver/Src/stm32l4xx_hal_cortex.o
                0x0800320a                HAL_SYSTICK_Config
 .text.HAL_DMA_Abort_IT
                0x08003222       0x82 ./Drivers/STM32L4xx_HAL_Driver/Src/stm32l4xx_hal_dma.o
                0x08003222                HAL_DMA_Abort_IT
 .text.HAL_GPIO_Init
                0x080032a4      0x354 ./Drivers/STM32L4xx_HAL_Driver/Src/stm32l4xx_hal_gpio.o
                0x080032a4                HAL_GPIO_Init
 .text.HAL_GPIO_WritePin
                0x080035f8       0x30 ./Drivers/STM32L4xx_HAL_Driver/Src/stm32l4xx_hal_gpio.o
                0x080035f8                HAL_GPIO_WritePin
 .text.HAL_GPIO_TogglePin
                0x08003628       0x34 ./Drivers/STM32L4xx_HAL_Driver/Src/stm32l4xx_hal_gpio.o
                0x08003628                HAL_GPIO_TogglePin
 .text.HAL_I2C_Init
                0x0800365c      0x11e ./Drivers/STM32L4xx_HAL_Driver/Src/stm32l4xx_hal_i2c.o
                0x0800365c                HAL_I2C_Init
 .text.HAL_I2CEx_ConfigAnalogFilter
                0x0800377a       0x96 ./Drivers/STM32L4xx_HAL_Driver/Src/stm32l4xx_hal_i2c_ex.o
                0x0800377a                HAL_I2CEx_ConfigAnalogFilter
 .text.HAL_I2CEx_ConfigDigitalFilter
                0x08003810       0x98 ./Drivers/STM32L4xx_HAL_Driver/Src/stm32l4xx_hal_i2c_ex.o
                0x08003810                HAL_I2CEx_ConfigDigitalFilter
 .text.HAL_PCD_Init
                0x080038a8      0x248 ./Drivers/STM32L4xx_HAL_Driver/Src/stm32l4xx_hal_pcd.o
                0x080038a8                HAL_PCD_Init
 .text.HAL_PCD_Start
                0x08003af0       0x5e ./Drivers/STM32L4xx_HAL_Driver/Src/stm32l4xx_hal_pcd.o
                0x08003af0                HAL_PCD_Start
 .text.HAL_PCD_IRQHandler
                0x08003b4e      0x748 ./Drivers/STM32L4xx_HAL_Driver/Src/stm32l4xx_hal_pcd.o
                0x08003b4e                HAL_PCD_IRQHandler
 .text.HAL_PCD_SetAddress
                0x08004296       0x4a ./Drivers/STM32L4xx_HAL_Driver/Src/stm32l4xx_hal_pcd.o
                0x08004296                HAL_PCD_SetAddress
 .text.HAL_PCD_EP_Open
                0x080042e0       0xd0 ./Drivers/STM32L4xx_HAL_Driver/Src/stm32l4xx_hal_pcd.o
                0x080042e0                HAL_PCD_EP_Open
 .text.HAL_PCD_EP_Close
                0x080043b0       0x94 ./Drivers/STM32L4xx_HAL_Driver/Src/stm32l4xx_hal_pcd.o
                0x080043b0                HAL_PCD_EP_Close
 .text.HAL_PCD_EP_Receive
                0x08004444       0x7c ./Drivers/STM32L4xx_HAL_Driver/Src/stm32l4xx_hal_pcd.o
                0x08004444                HAL_PCD_EP_Receive
 .text.HAL_PCD_EP_GetRxCount
                0x080044c0       0x30 ./Drivers/STM32L4xx_HAL_Driver/Src/stm32l4xx_hal_pcd.o
                0x080044c0                HAL_PCD_EP_GetRxCount
 .text.HAL_PCD_EP_Transmit
                0x080044f0       0x7a ./Drivers/STM32L4xx_HAL_Driver/Src/stm32l4xx_hal_pcd.o
                0x080044f0                HAL_PCD_EP_Transmit
 .text.HAL_PCD_EP_SetStall
                0x0800456a       0xc4 ./Drivers/STM32L4xx_HAL_Driver/Src/stm32l4xx_hal_pcd.o
                0x0800456a                HAL_PCD_EP_SetStall
 .text.HAL_PCD_EP_ClrStall
                0x0800462e       0xac ./Drivers/STM32L4xx_HAL_Driver/Src/stm32l4xx_hal_pcd.o
                0x0800462e                HAL_PCD_EP_ClrStall
 .text.PCD_WriteEmptyTxFifo
                0x080046da      0x110 ./Drivers/STM32L4xx_HAL_Driver/Src/stm32l4xx_hal_pcd.o
 *fill*         0x080047ea        0x2 
 .text.PCD_EP_OutXfrComplete_int
                0x080047ec       0x9c ./Drivers/STM32L4xx_HAL_Driver/Src/stm32l4xx_hal_pcd.o
 .text.PCD_EP_OutSetupPacket_int
                0x08004888       0x68 ./Drivers/STM32L4xx_HAL_Driver/Src/stm32l4xx_hal_pcd.o
 .text.HAL_PCDEx_SetTxFiFo
                0x080048f0       0x8e ./Drivers/STM32L4xx_HAL_Driver/Src/stm32l4xx_hal_pcd_ex.o
                0x080048f0                HAL_PCDEx_SetTxFiFo
 .text.HAL_PCDEx_SetRxFiFo
                0x0800497e       0x22 ./Drivers/STM32L4xx_HAL_Driver/Src/stm32l4xx_hal_pcd_ex.o
                0x0800497e                HAL_PCDEx_SetRxFiFo
 .text.HAL_PCDEx_ActivateLPM
                0x080049a0       0x48 ./Drivers/STM32L4xx_HAL_Driver/Src/stm32l4xx_hal_pcd_ex.o
                0x080049a0                HAL_PCDEx_ActivateLPM
 .text.HAL_PWR_EnableBkUpAccess
                0x080049e8       0x20 ./Drivers/STM32L4xx_HAL_Driver/Src/stm32l4xx_hal_pwr.o
                0x080049e8                HAL_PWR_EnableBkUpAccess
 .text.HAL_PWREx_GetVoltageRange
                0x08004a08       0x1c ./Drivers/STM32L4xx_HAL_Driver/Src/stm32l4xx_hal_pwr_ex.o
                0x08004a08                HAL_PWREx_GetVoltageRange
 .text.HAL_PWREx_ControlVoltageScaling
                0x08004a24       0xac ./Drivers/STM32L4xx_HAL_Driver/Src/stm32l4xx_hal_pwr_ex.o
                0x08004a24                HAL_PWREx_ControlVoltageScaling
 .text.HAL_PWREx_EnableVddUSB
                0x08004ad0       0x20 ./Drivers/STM32L4xx_HAL_Driver/Src/stm32l4xx_hal_pwr_ex.o
                0x08004ad0                HAL_PWREx_EnableVddUSB
 .text.HAL_RCC_OscConfig
                0x08004af0      0x7d0 ./Drivers/STM32L4xx_HAL_Driver/Src/stm32l4xx_hal_rcc.o
                0x08004af0                HAL_RCC_OscConfig
 .text.HAL_RCC_ClockConfig
                0x080052c0      0x1c4 ./Drivers/STM32L4xx_HAL_Driver/Src/stm32l4xx_hal_rcc.o
                0x080052c0                HAL_RCC_ClockConfig
 .text.HAL_RCC_GetSysClockFreq
                0x08005484      0x118 ./Drivers/STM32L4xx_HAL_Driver/Src/stm32l4xx_hal_rcc.o
                0x08005484                HAL_RCC_GetSysClockFreq
 .text.HAL_RCC_GetHCLKFreq
                0x0800559c       0x18 ./Drivers/STM32L4xx_HAL_Driver/Src/stm32l4xx_hal_rcc.o
                0x0800559c                HAL_RCC_GetHCLKFreq
 .text.HAL_RCC_GetPCLK1Freq
                0x080055b4       0x2c ./Drivers/STM32L4xx_HAL_Driver/Src/stm32l4xx_hal_rcc.o
                0x080055b4                HAL_RCC_GetPCLK1Freq
 .text.HAL_RCC_GetPCLK2Freq
                0x080055e0       0x2c ./Drivers/STM32L4xx_HAL_Driver/Src/stm32l4xx_hal_rcc.o
                0x080055e0                HAL_RCC_GetPCLK2Freq
 .text.RCC_SetFlashLatencyFromMSIRange
                0x0800560c       0xc0 ./Drivers/STM32L4xx_HAL_Driver/Src/stm32l4xx_hal_rcc.o
 .text.HAL_RCCEx_PeriphCLKConfig
                0x080056cc      0x5d4 ./Drivers/STM32L4xx_HAL_Driver/Src/stm32l4xx_hal_rcc_ex.o
                0x080056cc                HAL_RCCEx_PeriphCLKConfig
 .text.HAL_RCCEx_EnableMSIPLLMode
                0x08005ca0       0x20 ./Drivers/STM32L4xx_HAL_Driver/Src/stm32l4xx_hal_rcc_ex.o
                0x08005ca0                HAL_RCCEx_EnableMSIPLLMode
 .text.RCCEx_PLLSAI1_Config
                0x08005cc0      0x1e8 ./Drivers/STM32L4xx_HAL_Driver/Src/stm32l4xx_hal_rcc_ex.o
 .text.RCCEx_PLLSAI2_Config
                0x08005ea8      0x1bc ./Drivers/STM32L4xx_HAL_Driver/Src/stm32l4xx_hal_rcc_ex.o
 .text.HAL_SPI_Init
                0x08006064      0x146 ./Drivers/STM32L4xx_HAL_Driver/Src/stm32l4xx_hal_spi.o
                0x08006064                HAL_SPI_Init
 *fill*         0x080061aa        0x2 
 .text.HAL_SPI_IRQHandler
                0x080061ac      0x200 ./Drivers/STM32L4xx_HAL_Driver/Src/stm32l4xx_hal_spi.o
                0x080061ac                HAL_SPI_IRQHandler
 .text.HAL_SPI_ErrorCallback
                0x080063ac       0x14 ./Drivers/STM32L4xx_HAL_Driver/Src/stm32l4xx_hal_spi.o
                0x080063ac                HAL_SPI_ErrorCallback
 .text.HAL_SPI_GetState
                0x080063c0       0x1c ./Drivers/STM32L4xx_HAL_Driver/Src/stm32l4xx_hal_spi.o
                0x080063c0                HAL_SPI_GetState
 .text.SPI_DMAAbortOnError
                0x080063dc       0x2a ./Drivers/STM32L4xx_HAL_Driver/Src/stm32l4xx_hal_spi.o
 .text.HAL_TIM_Base_Init
                0x08006406       0xae ./Drivers/STM32L4xx_HAL_Driver/Src/stm32l4xx_hal_tim.o
                0x08006406                HAL_TIM_Base_Init
 .text.TIM_Base_SetConfig
                0x080064b4      0x134 ./Drivers/STM32L4xx_HAL_Driver/Src/stm32l4xx_hal_tim.o
                0x080064b4                TIM_Base_SetConfig
 .text.HAL_TIMEx_MasterConfigSynchronization
                0x080065e8      0x110 ./Drivers/STM32L4xx_HAL_Driver/Src/stm32l4xx_hal_tim_ex.o
                0x080065e8                HAL_TIMEx_MasterConfigSynchronization
 .text.HAL_UART_Init
                0x080066f8       0x9c ./Drivers/STM32L4xx_HAL_Driver/Src/stm32l4xx_hal_uart.o
                0x080066f8                HAL_UART_Init
 .text.HAL_UART_IRQHandler
                0x08006794      0x28c ./Drivers/STM32L4xx_HAL_Driver/Src/stm32l4xx_hal_uart.o
                0x08006794                HAL_UART_IRQHandler
 .text.HAL_UART_TxCpltCallback
                0x08006a20       0x14 ./Drivers/STM32L4xx_HAL_Driver/Src/stm32l4xx_hal_uart.o
                0x08006a20                HAL_UART_TxCpltCallback
 .text.HAL_UART_ErrorCallback
                0x08006a34       0x14 ./Drivers/STM32L4xx_HAL_Driver/Src/stm32l4xx_hal_uart.o
                0x08006a34                HAL_UART_ErrorCallback
 .text.UART_SetConfig
                0x08006a48      0x574 ./Drivers/STM32L4xx_HAL_Driver/Src/stm32l4xx_hal_uart.o
                0x08006a48                UART_SetConfig
 .text.UART_AdvFeatureConfig
                0x08006fbc      0x144 ./Drivers/STM32L4xx_HAL_Driver/Src/stm32l4xx_hal_uart.o
                0x08006fbc                UART_AdvFeatureConfig
 .text.UART_CheckIdleState
                0x08007100       0x8a ./Drivers/STM32L4xx_HAL_Driver/Src/stm32l4xx_hal_uart.o
                0x08007100                UART_CheckIdleState
 .text.UART_WaitOnFlagUntilTimeout
                0x0800718a       0xf6 ./Drivers/STM32L4xx_HAL_Driver/Src/stm32l4xx_hal_uart.o
                0x0800718a                UART_WaitOnFlagUntilTimeout
 .text.UART_EndRxTransfer
                0x08007280       0x40 ./Drivers/STM32L4xx_HAL_Driver/Src/stm32l4xx_hal_uart.o
 .text.UART_DMAAbortOnError
                0x080072c0       0x2c ./Drivers/STM32L4xx_HAL_Driver/Src/stm32l4xx_hal_uart.o
 .text.UART_EndTransmit_IT
                0x080072ec       0x32 ./Drivers/STM32L4xx_HAL_Driver/Src/stm32l4xx_hal_uart.o
 .text.HAL_UARTEx_WakeupCallback
                0x0800731e       0x14 ./Drivers/STM32L4xx_HAL_Driver/Src/stm32l4xx_hal_uart_ex.o
                0x0800731e                HAL_UARTEx_WakeupCallback
 .text.USB_CoreInit
                0x08007332       0xa4 ./Drivers/STM32L4xx_HAL_Driver/Src/stm32l4xx_ll_usb.o
                0x08007332                USB_CoreInit
 *fill*         0x080073d6        0x2 
 .text.USB_SetTurnaroundTime
                0x080073d8      0x138 ./Drivers/STM32L4xx_HAL_Driver/Src/stm32l4xx_ll_usb.o
                0x080073d8                USB_SetTurnaroundTime
 .text.USB_EnableGlobalInt
                0x08007510       0x22 ./Drivers/STM32L4xx_HAL_Driver/Src/stm32l4xx_ll_usb.o
                0x08007510                USB_EnableGlobalInt
 .text.USB_DisableGlobalInt
                0x08007532       0x22 ./Drivers/STM32L4xx_HAL_Driver/Src/stm32l4xx_ll_usb.o
                0x08007532                USB_DisableGlobalInt
 .text.USB_SetCurrentMode
                0x08007554       0x54 ./Drivers/STM32L4xx_HAL_Driver/Src/stm32l4xx_ll_usb.o
                0x08007554                USB_SetCurrentMode
 .text.USB_DevInit
                0x080075a8      0x298 ./Drivers/STM32L4xx_HAL_Driver/Src/stm32l4xx_ll_usb.o
                0x080075a8                USB_DevInit
 .text.USB_FlushTxFifo
                0x08007840       0x4c ./Drivers/STM32L4xx_HAL_Driver/Src/stm32l4xx_ll_usb.o
                0x08007840                USB_FlushTxFifo
 .text.USB_FlushRxFifo
                0x0800788c       0x44 ./Drivers/STM32L4xx_HAL_Driver/Src/stm32l4xx_ll_usb.o
                0x0800788c                USB_FlushRxFifo
 .text.USB_SetDevSpeed
                0x080078d0       0x32 ./Drivers/STM32L4xx_HAL_Driver/Src/stm32l4xx_ll_usb.o
                0x080078d0                USB_SetDevSpeed
 .text.USB_GetDevSpeed
                0x08007902       0x3e ./Drivers/STM32L4xx_HAL_Driver/Src/stm32l4xx_ll_usb.o
                0x08007902                USB_GetDevSpeed
 .text.USB_ActivateEndpoint
                0x08007940      0x10e ./Drivers/STM32L4xx_HAL_Driver/Src/stm32l4xx_ll_usb.o
                0x08007940                USB_ActivateEndpoint
 *fill*         0x08007a4e        0x2 
 .text.USB_DeactivateEndpoint
                0x08007a50      0x1b8 ./Drivers/STM32L4xx_HAL_Driver/Src/stm32l4xx_ll_usb.o
                0x08007a50                USB_DeactivateEndpoint
 .text.USB_EPStartXfer
                0x08007c08      0x3b8 ./Drivers/STM32L4xx_HAL_Driver/Src/stm32l4xx_ll_usb.o
                0x08007c08                USB_EPStartXfer
 .text.USB_EP0StartXfer
                0x08007fc0      0x23c ./Drivers/STM32L4xx_HAL_Driver/Src/stm32l4xx_ll_usb.o
                0x08007fc0                USB_EP0StartXfer
 .text.USB_WritePacket
                0x080081fc       0x62 ./Drivers/STM32L4xx_HAL_Driver/Src/stm32l4xx_ll_usb.o
                0x080081fc                USB_WritePacket
 .text.USB_ReadPacket
                0x0800825e       0x52 ./Drivers/STM32L4xx_HAL_Driver/Src/stm32l4xx_ll_usb.o
                0x0800825e                USB_ReadPacket
 .text.USB_EPSetStall
                0x080082b0       0xdc ./Drivers/STM32L4xx_HAL_Driver/Src/stm32l4xx_ll_usb.o
                0x080082b0                USB_EPSetStall
 .text.USB_EPClearStall
                0x0800838c       0xcc ./Drivers/STM32L4xx_HAL_Driver/Src/stm32l4xx_ll_usb.o
                0x0800838c                USB_EPClearStall
 .text.USB_SetDevAddress
                0x08008458       0x4c ./Drivers/STM32L4xx_HAL_Driver/Src/stm32l4xx_ll_usb.o
                0x08008458                USB_SetDevAddress
 .text.USB_DevConnect
                0x080084a4       0x42 ./Drivers/STM32L4xx_HAL_Driver/Src/stm32l4xx_ll_usb.o
                0x080084a4                USB_DevConnect
 .text.USB_DevDisconnect
                0x080084e6       0x42 ./Drivers/STM32L4xx_HAL_Driver/Src/stm32l4xx_ll_usb.o
                0x080084e6                USB_DevDisconnect
 .text.USB_ReadInterrupts
                0x08008528       0x26 ./Drivers/STM32L4xx_HAL_Driver/Src/stm32l4xx_ll_usb.o
                0x08008528                USB_ReadInterrupts
 .text.USB_ReadDevAllOutEpInterrupt
                0x0800854e       0x34 ./Drivers/STM32L4xx_HAL_Driver/Src/stm32l4xx_ll_usb.o
                0x0800854e                USB_ReadDevAllOutEpInterrupt
 .text.USB_ReadDevAllInEpInterrupt
                0x08008582       0x34 ./Drivers/STM32L4xx_HAL_Driver/Src/stm32l4xx_ll_usb.o
                0x08008582                USB_ReadDevAllInEpInterrupt
 .text.USB_ReadDevOutEPInterrupt
                0x080085b6       0x3c ./Drivers/STM32L4xx_HAL_Driver/Src/stm32l4xx_ll_usb.o
                0x080085b6                USB_ReadDevOutEPInterrupt
 .text.USB_ReadDevInEPInterrupt
                0x080085f2       0x5c ./Drivers/STM32L4xx_HAL_Driver/Src/stm32l4xx_ll_usb.o
                0x080085f2                USB_ReadDevInEPInterrupt
 .text.USB_GetMode
                0x0800864e       0x1c ./Drivers/STM32L4xx_HAL_Driver/Src/stm32l4xx_ll_usb.o
                0x0800864e                USB_GetMode
 .text.USB_ActivateSetup
                0x0800866a       0x46 ./Drivers/STM32L4xx_HAL_Driver/Src/stm32l4xx_ll_usb.o
                0x0800866a                USB_ActivateSetup
 .text.USB_EP0_OutStart
                0x080086b0       0x90 ./Drivers/STM32L4xx_HAL_Driver/Src/stm32l4xx_ll_usb.o
                0x080086b0                USB_EP0_OutStart
 .text.USB_CoreReset
                0x08008740       0x68 ./Drivers/STM32L4xx_HAL_Driver/Src/stm32l4xx_ll_usb.o
 .text.USBD_CDC_Init
                0x080087a8      0x100 ./Middlewares/ST/STM32_USB_Device_Library/Class/CDC/Src/usbd_cdc.o
 .text.USBD_CDC_DeInit
                0x080088a8       0x74 ./Middlewares/ST/STM32_USB_Device_Library/Class/CDC/Src/usbd_cdc.o
 .text.USBD_CDC_Setup
                0x0800891c      0x178 ./Middlewares/ST/STM32_USB_Device_Library/Class/CDC/Src/usbd_cdc.o
 .text.USBD_CDC_DataIn
                0x08008a94       0xca ./Middlewares/ST/STM32_USB_Device_Library/Class/CDC/Src/usbd_cdc.o
 .text.USBD_CDC_DataOut
                0x08008b5e       0x56 ./Middlewares/ST/STM32_USB_Device_Library/Class/CDC/Src/usbd_cdc.o
 .text.USBD_CDC_EP0_RxReady
                0x08008bb4       0x4e ./Middlewares/ST/STM32_USB_Device_Library/Class/CDC/Src/usbd_cdc.o
 *fill*         0x08008c02        0x2 
 .text.USBD_CDC_GetFSCfgDesc
                0x08008c04       0x20 ./Middlewares/ST/STM32_USB_Device_Library/Class/CDC/Src/usbd_cdc.o
 .text.USBD_CDC_GetHSCfgDesc
                0x08008c24       0x20 ./Middlewares/ST/STM32_USB_Device_Library/Class/CDC/Src/usbd_cdc.o
 .text.USBD_CDC_GetOtherSpeedCfgDesc
                0x08008c44       0x20 ./Middlewares/ST/STM32_USB_Device_Library/Class/CDC/Src/usbd_cdc.o
 .text.USBD_CDC_GetDeviceQualifierDescriptor
                0x08008c64       0x20 ./Middlewares/ST/STM32_USB_Device_Library/Class/CDC/Src/usbd_cdc.o
                0x08008c64                USBD_CDC_GetDeviceQualifierDescriptor
 .text.USBD_CDC_RegisterInterface
                0x08008c84       0x2a ./Middlewares/ST/STM32_USB_Device_Library/Class/CDC/Src/usbd_cdc.o
                0x08008c84                USBD_CDC_RegisterInterface
 .text.USBD_CDC_SetTxBuffer
                0x08008cae       0x32 ./Middlewares/ST/STM32_USB_Device_Library/Class/CDC/Src/usbd_cdc.o
                0x08008cae                USBD_CDC_SetTxBuffer
 .text.USBD_CDC_SetRxBuffer
                0x08008ce0       0x28 ./Middlewares/ST/STM32_USB_Device_Library/Class/CDC/Src/usbd_cdc.o
                0x08008ce0                USBD_CDC_SetRxBuffer
 .text.USBD_CDC_TransmitPacket
                0x08008d08       0x60 ./Middlewares/ST/STM32_USB_Device_Library/Class/CDC/Src/usbd_cdc.o
                0x08008d08                USBD_CDC_TransmitPacket
 .text.USBD_CDC_ReceivePacket
                0x08008d68       0x54 ./Middlewares/ST/STM32_USB_Device_Library/Class/CDC/Src/usbd_cdc.o
                0x08008d68                USBD_CDC_ReceivePacket
 .text.USBD_Init
                0x08008dbc       0x60 ./Middlewares/ST/STM32_USB_Device_Library/Core/Src/usbd_core.o
                0x08008dbc                USBD_Init
 .text.USBD_RegisterClass
                0x08008e1c       0x4e ./Middlewares/ST/STM32_USB_Device_Library/Core/Src/usbd_core.o
                0x08008e1c                USBD_RegisterClass
 .text.USBD_Start
                0x08008e6a       0x18 ./Middlewares/ST/STM32_USB_Device_Library/Core/Src/usbd_core.o
                0x08008e6a                USBD_Start
 .text.USBD_RunTestMode
                0x08008e82       0x16 ./Middlewares/ST/STM32_USB_Device_Library/Core/Src/usbd_core.o
                0x08008e82                USBD_RunTestMode
 .text.USBD_SetClassConfig
                0x08008e98       0x38 ./Middlewares/ST/STM32_USB_Device_Library/Core/Src/usbd_core.o
                0x08008e98                USBD_SetClassConfig
 .text.USBD_ClrClassConfig
                0x08008ed0       0x30 ./Middlewares/ST/STM32_USB_Device_Library/Core/Src/usbd_core.o
                0x08008ed0                USBD_ClrClassConfig
 .text.USBD_LL_SetupStage
                0x08008f00       0xaa ./Middlewares/ST/STM32_USB_Device_Library/Core/Src/usbd_core.o
                0x08008f00                USBD_LL_SetupStage
 .text.USBD_LL_DataOutStage
                0x08008faa       0xc6 ./Middlewares/ST/STM32_USB_Device_Library/Core/Src/usbd_core.o
                0x08008faa                USBD_LL_DataOutStage
 .text.USBD_LL_DataInStage
                0x08009070      0x12c ./Middlewares/ST/STM32_USB_Device_Library/Core/Src/usbd_core.o
                0x08009070                USBD_LL_DataInStage
 .text.USBD_LL_Reset
                0x0800919c       0x82 ./Middlewares/ST/STM32_USB_Device_Library/Core/Src/usbd_core.o
                0x0800919c                USBD_LL_Reset
 .text.USBD_LL_SetSpeed
                0x0800921e       0x20 ./Middlewares/ST/STM32_USB_Device_Library/Core/Src/usbd_core.o
                0x0800921e                USBD_LL_SetSpeed
 .text.USBD_LL_Suspend
                0x0800923e       0x2a ./Middlewares/ST/STM32_USB_Device_Library/Core/Src/usbd_core.o
                0x0800923e                USBD_LL_Suspend
 .text.USBD_LL_Resume
                0x08009268       0x2c ./Middlewares/ST/STM32_USB_Device_Library/Core/Src/usbd_core.o
                0x08009268                USBD_LL_Resume
 .text.USBD_LL_SOF
                0x08009294       0x34 ./Middlewares/ST/STM32_USB_Device_Library/Core/Src/usbd_core.o
                0x08009294                USBD_LL_SOF
 .text.USBD_LL_IsoINIncomplete
                0x080092c8       0x1a ./Middlewares/ST/STM32_USB_Device_Library/Core/Src/usbd_core.o
                0x080092c8                USBD_LL_IsoINIncomplete
 .text.USBD_LL_IsoOUTIncomplete
                0x080092e2       0x1a ./Middlewares/ST/STM32_USB_Device_Library/Core/Src/usbd_core.o
                0x080092e2                USBD_LL_IsoOUTIncomplete
 .text.USBD_LL_DevConnected
                0x080092fc       0x16 ./Middlewares/ST/STM32_USB_Device_Library/Core/Src/usbd_core.o
                0x080092fc                USBD_LL_DevConnected
 .text.USBD_LL_DevDisconnected
                0x08009312       0x38 ./Middlewares/ST/STM32_USB_Device_Library/Core/Src/usbd_core.o
                0x08009312                USBD_LL_DevDisconnected
 .text.SWAPBYTE
                0x0800934a       0x3e ./Middlewares/ST/STM32_USB_Device_Library/Core/Src/usbd_ctlreq.o
 .text.USBD_StdDevReq
                0x08009388       0xdc ./Middlewares/ST/STM32_USB_Device_Library/Core/Src/usbd_ctlreq.o
                0x08009388                USBD_StdDevReq
 .text.USBD_StdItfReq
                0x08009464       0x90 ./Middlewares/ST/STM32_USB_Device_Library/Core/Src/usbd_ctlreq.o
                0x08009464                USBD_StdItfReq
 .text.USBD_StdEPReq
                0x080094f4      0x2be ./Middlewares/ST/STM32_USB_Device_Library/Core/Src/usbd_ctlreq.o
                0x080094f4                USBD_StdEPReq
 *fill*         0x080097b2        0x2 
 .text.USBD_GetDescriptor
                0x080097b4      0x328 ./Middlewares/ST/STM32_USB_Device_Library/Core/Src/usbd_ctlreq.o
 .text.USBD_SetAddress
                0x08009adc       0x86 ./Middlewares/ST/STM32_USB_Device_Library/Core/Src/usbd_ctlreq.o
 *fill*         0x08009b62        0x2 
 .text.USBD_SetConfig
                0x08009b64      0x148 ./Middlewares/ST/STM32_USB_Device_Library/Core/Src/usbd_ctlreq.o
 .text.USBD_GetConfig
                0x08009cac       0x6a ./Middlewares/ST/STM32_USB_Device_Library/Core/Src/usbd_ctlreq.o
 .text.USBD_GetStatus
                0x08009d16       0x66 ./Middlewares/ST/STM32_USB_Device_Library/Core/Src/usbd_ctlreq.o
 .text.USBD_SetFeature
                0x08009d7c       0x28 ./Middlewares/ST/STM32_USB_Device_Library/Core/Src/usbd_ctlreq.o
 .text.USBD_ClrFeature
                0x08009da4       0x42 ./Middlewares/ST/STM32_USB_Device_Library/Core/Src/usbd_ctlreq.o
 .text.USBD_ParseSetupRequest
                0x08009de6       0x74 ./Middlewares/ST/STM32_USB_Device_Library/Core/Src/usbd_ctlreq.o
                0x08009de6                USBD_ParseSetupRequest
 .text.USBD_CtlError
                0x08009e5a       0x22 ./Middlewares/ST/STM32_USB_Device_Library/Core/Src/usbd_ctlreq.o
                0x08009e5a                USBD_CtlError
 .text.USBD_GetString
                0x08009e7c       0x8c ./Middlewares/ST/STM32_USB_Device_Library/Core/Src/usbd_ctlreq.o
                0x08009e7c                USBD_GetString
 .text.USBD_GetLen
                0x08009f08       0x34 ./Middlewares/ST/STM32_USB_Device_Library/Core/Src/usbd_ctlreq.o
 .text.USBD_CtlSendData
                0x08009f3c       0x36 ./Middlewares/ST/STM32_USB_Device_Library/Core/Src/usbd_ioreq.o
                0x08009f3c                USBD_CtlSendData
 .text.USBD_CtlContinueSendData
                0x08009f72       0x22 ./Middlewares/ST/STM32_USB_Device_Library/Core/Src/usbd_ioreq.o
                0x08009f72                USBD_CtlContinueSendData
 .text.USBD_CtlPrepareRx
                0x08009f94       0x3a ./Middlewares/ST/STM32_USB_Device_Library/Core/Src/usbd_ioreq.o
                0x08009f94                USBD_CtlPrepareRx
 .text.USBD_CtlContinueRx
                0x08009fce       0x22 ./Middlewares/ST/STM32_USB_Device_Library/Core/Src/usbd_ioreq.o
                0x08009fce                USBD_CtlContinueRx
 .text.USBD_CtlSendStatus
                0x08009ff0       0x26 ./Middlewares/ST/STM32_USB_Device_Library/Core/Src/usbd_ioreq.o
                0x08009ff0                USBD_CtlSendStatus
 .text.USBD_CtlReceiveStatus
                0x0800a016       0x26 ./Middlewares/ST/STM32_USB_Device_Library/Core/Src/usbd_ioreq.o
                0x0800a016                USBD_CtlReceiveStatus
 .text.MX_USB_DEVICE_Init
                0x0800a03c       0x60 ./USB_DEVICE/App/usb_device.o
                0x0800a03c                MX_USB_DEVICE_Init
 .text.CDC_Init_FS
                0x0800a09c       0x28 ./USB_DEVICE/App/usbd_cdc_if.o
 .text.CDC_DeInit_FS
                0x0800a0c4       0x10 ./USB_DEVICE/App/usbd_cdc_if.o
 .text.CDC_Control_FS
                0x0800a0d4       0xbc ./USB_DEVICE/App/usbd_cdc_if.o
 .text.CDC_Receive_FS
                0x0800a190       0x28 ./USB_DEVICE/App/usbd_cdc_if.o
 .text.CDC_Transmit_FS
                0x0800a1b8       0x4c ./USB_DEVICE/App/usbd_cdc_if.o
                0x0800a1b8                CDC_Transmit_FS
 .text.CDC_TransmitCplt_FS
                0x0800a204       0x22 ./USB_DEVICE/App/usbd_cdc_if.o
 *fill*         0x0800a226        0x2 
 .text.USBD_FS_DeviceDescriptor
                0x0800a228       0x24 ./USB_DEVICE/App/usbd_desc.o
                0x0800a228                USBD_FS_DeviceDescriptor
 .text.USBD_FS_LangIDStrDescriptor
                0x0800a24c       0x24 ./USB_DEVICE/App/usbd_desc.o
                0x0800a24c                USBD_FS_LangIDStrDescriptor
 .text.USBD_FS_ProductStrDescriptor
                0x0800a270       0x3c ./USB_DEVICE/App/usbd_desc.o
                0x0800a270                USBD_FS_ProductStrDescriptor
 .text.USBD_FS_ManufacturerStrDescriptor
                0x0800a2ac       0x28 ./USB_DEVICE/App/usbd_desc.o
                0x0800a2ac                USBD_FS_ManufacturerStrDescriptor
 .text.USBD_FS_SerialStrDescriptor
                0x0800a2d4       0x24 ./USB_DEVICE/App/usbd_desc.o
                0x0800a2d4                USBD_FS_SerialStrDescriptor
 .text.USBD_FS_ConfigStrDescriptor
                0x0800a2f8       0x3c ./USB_DEVICE/App/usbd_desc.o
                0x0800a2f8                USBD_FS_ConfigStrDescriptor
 .text.USBD_FS_InterfaceStrDescriptor
                0x0800a334       0x3c ./USB_DEVICE/App/usbd_desc.o
                0x0800a334                USBD_FS_InterfaceStrDescriptor
 .text.USBD_FS_USR_BOSDescriptor
                0x0800a370       0x24 ./USB_DEVICE/App/usbd_desc.o
                0x0800a370                USBD_FS_USR_BOSDescriptor
 .text.Get_SerialNum
                0x0800a394       0x58 ./USB_DEVICE/App/usbd_desc.o
 .text.IntToUnicode
                0x0800a3ec       0x7e ./USB_DEVICE/App/usbd_desc.o
 *fill*         0x0800a46a        0x2 
 .text.HAL_PCD_MspInit
                0x0800a46c       0xcc ./USB_DEVICE/Target/usbd_conf.o
                0x0800a46c                HAL_PCD_MspInit
 .text.HAL_PCD_SetupStageCallback
                0x0800a538       0x24 ./USB_DEVICE/Target/usbd_conf.o
                0x0800a538                HAL_PCD_SetupStageCallback
 .text.HAL_PCD_DataOutStageCallback
                0x0800a55c       0x36 ./USB_DEVICE/Target/usbd_conf.o
                0x0800a55c                HAL_PCD_DataOutStageCallback
 .text.HAL_PCD_DataInStageCallback
                0x0800a592       0x34 ./USB_DEVICE/Target/usbd_conf.o
                0x0800a592                HAL_PCD_DataInStageCallback
 .text.HAL_PCD_SOFCallback
                0x0800a5c6       0x1c ./USB_DEVICE/Target/usbd_conf.o
                0x0800a5c6                HAL_PCD_SOFCallback
 .text.HAL_PCD_ResetCallback
                0x0800a5e2       0x3c ./USB_DEVICE/Target/usbd_conf.o
                0x0800a5e2                HAL_PCD_ResetCallback
 *fill*         0x0800a61e        0x2 
 .text.HAL_PCD_SuspendCallback
                0x0800a620       0x4c ./USB_DEVICE/Target/usbd_conf.o
                0x0800a620                HAL_PCD_SuspendCallback
 .text.HAL_PCD_ResumeCallback
                0x0800a66c       0x50 ./USB_DEVICE/Target/usbd_conf.o
                0x0800a66c                HAL_PCD_ResumeCallback
 .text.HAL_PCD_ISOOUTIncompleteCallback
                0x0800a6bc       0x24 ./USB_DEVICE/Target/usbd_conf.o
                0x0800a6bc                HAL_PCD_ISOOUTIncompleteCallback
 .text.HAL_PCD_ISOINIncompleteCallback
                0x0800a6e0       0x24 ./USB_DEVICE/Target/usbd_conf.o
                0x0800a6e0                HAL_PCD_ISOINIncompleteCallback
 .text.HAL_PCD_ConnectCallback
                0x0800a704       0x1c ./USB_DEVICE/Target/usbd_conf.o
                0x0800a704                HAL_PCD_ConnectCallback
 .text.HAL_PCD_DisconnectCallback
                0x0800a720       0x1c ./USB_DEVICE/Target/usbd_conf.o
                0x0800a720                HAL_PCD_DisconnectCallback
 .text.USBD_LL_Init
                0x0800a73c       0x98 ./USB_DEVICE/Target/usbd_conf.o
                0x0800a73c                USBD_LL_Init
 .text.USBD_LL_Start
                0x0800a7d4       0x64 ./USB_DEVICE/Target/usbd_conf.o
                0x0800a7d4                USBD_LL_Start
 .text.USBD_LL_OpenEP
                0x0800a838       0x7c ./USB_DEVICE/Target/usbd_conf.o
                0x0800a838                USBD_LL_OpenEP
 .text.USBD_LL_CloseEP
                0x0800a8b4       0x6c ./USB_DEVICE/Target/usbd_conf.o
                0x0800a8b4                USBD_LL_CloseEP
 .text.USBD_LL_StallEP
                0x0800a920       0x6c ./USB_DEVICE/Target/usbd_conf.o
                0x0800a920                USBD_LL_StallEP
 .text.USBD_LL_ClearStallEP
                0x0800a98c       0x6c ./USB_DEVICE/Target/usbd_conf.o
                0x0800a98c                USBD_LL_ClearStallEP
 .text.USBD_LL_IsStallEP
                0x0800a9f8       0x58 ./USB_DEVICE/Target/usbd_conf.o
                0x0800a9f8                USBD_LL_IsStallEP
 .text.USBD_LL_SetUSBAddress
                0x0800aa50       0x6c ./USB_DEVICE/Target/usbd_conf.o
                0x0800aa50                USBD_LL_SetUSBAddress
 .text.USBD_LL_Transmit
                0x0800aabc       0x70 ./USB_DEVICE/Target/usbd_conf.o
                0x0800aabc                USBD_LL_Transmit
 .text.USBD_LL_PrepareReceive
                0x0800ab2c       0x70 ./USB_DEVICE/Target/usbd_conf.o
                0x0800ab2c                USBD_LL_PrepareReceive
 .text.USBD_LL_GetRxDataSize
                0x0800ab9c       0x26 ./USB_DEVICE/Target/usbd_conf.o
                0x0800ab9c                USBD_LL_GetRxDataSize
 *fill*         0x0800abc2        0x2 
 .text.HAL_PCDEx_LPM_Callback
                0x0800abc4       0x9c ./USB_DEVICE/Target/usbd_conf.o
                0x0800abc4                HAL_PCDEx_LPM_Callback
 .text.SystemClockConfig_Resume
                0x0800ac60        0xc ./USB_DEVICE/Target/usbd_conf.o
 .text.malloc   0x0800ac6c       0x10 C:/ST/STM32CubeIDE_1.18.0/STM32CubeIDE/plugins/com.st.stm32cube.ide.mcu.externaltools.gnu-tools-for-stm32.13.3.rel1.win32_1.0.0.202411081344/tools/bin/../lib/gcc/arm-none-eabi/13.3.1/../../../../arm-none-eabi/lib/thumb/v7e-m+fp/hard\libc_nano.a(libc_a-malloc.o)
                0x0800ac6c                malloc
 .text.free     0x0800ac7c       0x10 C:/ST/STM32CubeIDE_1.18.0/STM32CubeIDE/plugins/com.st.stm32cube.ide.mcu.externaltools.gnu-tools-for-stm32.13.3.rel1.win32_1.0.0.202411081344/tools/bin/../lib/gcc/arm-none-eabi/13.3.1/../../../../arm-none-eabi/lib/thumb/v7e-m+fp/hard\libc_nano.a(libc_a-malloc.o)
                0x0800ac7c                free
 .text.sbrk_aligned
                0x0800ac8c       0x44 C:/ST/STM32CubeIDE_1.18.0/STM32CubeIDE/plugins/com.st.stm32cube.ide.mcu.externaltools.gnu-tools-for-stm32.13.3.rel1.win32_1.0.0.202411081344/tools/bin/../lib/gcc/arm-none-eabi/13.3.1/../../../../arm-none-eabi/lib/thumb/v7e-m+fp/hard\libc_nano.a(libc_a-mallocr.o)
 .text._malloc_r
                0x0800acd0      0x100 C:/ST/STM32CubeIDE_1.18.0/STM32CubeIDE/plugins/com.st.stm32cube.ide.mcu.externaltools.gnu-tools-for-stm32.13.3.rel1.win32_1.0.0.202411081344/tools/bin/../lib/gcc/arm-none-eabi/13.3.1/../../../../arm-none-eabi/lib/thumb/v7e-m+fp/hard\libc_nano.a(libc_a-mallocr.o)
                0x0800acd0                _malloc_r
 .text.__malloc_lock
                0x0800add0        0xc C:/ST/STM32CubeIDE_1.18.0/STM32CubeIDE/plugins/com.st.stm32cube.ide.mcu.externaltools.gnu-tools-for-stm32.13.3.rel1.win32_1.0.0.202411081344/tools/bin/../lib/gcc/arm-none-eabi/13.3.1/../../../../arm-none-eabi/lib/thumb/v7e-m+fp/hard\libc_nano.a(libc_a-mlock.o)
                0x0800add0                __malloc_lock
 .text.__malloc_unlock
                0x0800addc        0xc C:/ST/STM32CubeIDE_1.18.0/STM32CubeIDE/plugins/com.st.stm32cube.ide.mcu.externaltools.gnu-tools-for-stm32.13.3.rel1.win32_1.0.0.202411081344/tools/bin/../lib/gcc/arm-none-eabi/13.3.1/../../../../arm-none-eabi/lib/thumb/v7e-m+fp/hard\libc_nano.a(libc_a-mlock.o)
                0x0800addc                __malloc_unlock
 .text.__cvt    0x0800ade8       0xca C:/ST/STM32CubeIDE_1.18.0/STM32CubeIDE/plugins/com.st.stm32cube.ide.mcu.externaltools.gnu-tools-for-stm32.13.3.rel1.win32_1.0.0.202411081344/tools/bin/../lib/gcc/arm-none-eabi/13.3.1/../../../../arm-none-eabi/lib/thumb/v7e-m+fp/hard\libc_nano.a(libc_a-nano-vfprintf_float.o)
                0x0800ade8                __cvt
 .text.__exponent
                0x0800aeb2       0x74 C:/ST/STM32CubeIDE_1.18.0/STM32CubeIDE/plugins/com.st.stm32cube.ide.mcu.externaltools.gnu-tools-for-stm32.13.3.rel1.win32_1.0.0.202411081344/tools/bin/../lib/gcc/arm-none-eabi/13.3.1/../../../../arm-none-eabi/lib/thumb/v7e-m+fp/hard\libc_nano.a(libc_a-nano-vfprintf_float.o)
                0x0800aeb2                __exponent
 *fill*         0x0800af26        0x2 
 .text._printf_float
                0x0800af28      0x454 C:/ST/STM32CubeIDE_1.18.0/STM32CubeIDE/plugins/com.st.stm32cube.ide.mcu.externaltools.gnu-tools-for-stm32.13.3.rel1.win32_1.0.0.202411081344/tools/bin/../lib/gcc/arm-none-eabi/13.3.1/../../../../arm-none-eabi/lib/thumb/v7e-m+fp/hard\libc_nano.a(libc_a-nano-vfprintf_float.o)
                0x0800af28                _printf_float
 .text._printf_common
                0x0800b37c       0xda C:/ST/STM32CubeIDE_1.18.0/STM32CubeIDE/plugins/com.st.stm32cube.ide.mcu.externaltools.gnu-tools-for-stm32.13.3.rel1.win32_1.0.0.202411081344/tools/bin/../lib/gcc/arm-none-eabi/13.3.1/../../../../arm-none-eabi/lib/thumb/v7e-m+fp/hard\libc_nano.a(libc_a-nano-vfprintf_i.o)
                0x0800b37c                _printf_common
 *fill*         0x0800b456        0x2 
 .text._printf_i
                0x0800b458      0x23c C:/ST/STM32CubeIDE_1.18.0/STM32CubeIDE/plugins/com.st.stm32cube.ide.mcu.externaltools.gnu-tools-for-stm32.13.3.rel1.win32_1.0.0.202411081344/tools/bin/../lib/gcc/arm-none-eabi/13.3.1/../../../../arm-none-eabi/lib/thumb/v7e-m+fp/hard\libc_nano.a(libc_a-nano-vfprintf_i.o)
                0x0800b458                _printf_i
 .text._scanf_float
                0x0800b694      0x41c C:/ST/STM32CubeIDE_1.18.0/STM32CubeIDE/plugins/com.st.stm32cube.ide.mcu.externaltools.gnu-tools-for-stm32.13.3.rel1.win32_1.0.0.202411081344/tools/bin/../lib/gcc/arm-none-eabi/13.3.1/../../../../arm-none-eabi/lib/thumb/v7e-m+fp/hard\libc_nano.a(libc_a-nano-vfscanf_float.o)
                0x0800b694                _scanf_float
 .text.std      0x0800bab0       0x6c C:/ST/STM32CubeIDE_1.18.0/STM32CubeIDE/plugins/com.st.stm32cube.ide.mcu.externaltools.gnu-tools-for-stm32.13.3.rel1.win32_1.0.0.202411081344/tools/bin/../lib/gcc/arm-none-eabi/13.3.1/../../../../arm-none-eabi/lib/thumb/v7e-m+fp/hard\libc_nano.a(libc_a-findfp.o)
 .text.stdio_exit_handler
                0x0800bb1c       0x18 C:/ST/STM32CubeIDE_1.18.0/STM32CubeIDE/plugins/com.st.stm32cube.ide.mcu.externaltools.gnu-tools-for-stm32.13.3.rel1.win32_1.0.0.202411081344/tools/bin/../lib/gcc/arm-none-eabi/13.3.1/../../../../arm-none-eabi/lib/thumb/v7e-m+fp/hard\libc_nano.a(libc_a-findfp.o)
 .text.cleanup_stdio
                0x0800bb34       0x40 C:/ST/STM32CubeIDE_1.18.0/STM32CubeIDE/plugins/com.st.stm32cube.ide.mcu.externaltools.gnu-tools-for-stm32.13.3.rel1.win32_1.0.0.202411081344/tools/bin/../lib/gcc/arm-none-eabi/13.3.1/../../../../arm-none-eabi/lib/thumb/v7e-m+fp/hard\libc_nano.a(libc_a-findfp.o)
 .text.global_stdio_init.part.0
                0x0800bb74       0x3c C:/ST/STM32CubeIDE_1.18.0/STM32CubeIDE/plugins/com.st.stm32cube.ide.mcu.externaltools.gnu-tools-for-stm32.13.3.rel1.win32_1.0.0.202411081344/tools/bin/../lib/gcc/arm-none-eabi/13.3.1/../../../../arm-none-eabi/lib/thumb/v7e-m+fp/hard\libc_nano.a(libc_a-findfp.o)
 .text.__sfp_lock_acquire
                0x0800bbb0        0xc C:/ST/STM32CubeIDE_1.18.0/STM32CubeIDE/plugins/com.st.stm32cube.ide.mcu.externaltools.gnu-tools-for-stm32.13.3.rel1.win32_1.0.0.202411081344/tools/bin/../lib/gcc/arm-none-eabi/13.3.1/../../../../arm-none-eabi/lib/thumb/v7e-m+fp/hard\libc_nano.a(libc_a-findfp.o)
                0x0800bbb0                __sfp_lock_acquire
 .text.__sfp_lock_release
                0x0800bbbc        0xc C:/ST/STM32CubeIDE_1.18.0/STM32CubeIDE/plugins/com.st.stm32cube.ide.mcu.externaltools.gnu-tools-for-stm32.13.3.rel1.win32_1.0.0.202411081344/tools/bin/../lib/gcc/arm-none-eabi/13.3.1/../../../../arm-none-eabi/lib/thumb/v7e-m+fp/hard\libc_nano.a(libc_a-findfp.o)
                0x0800bbbc                __sfp_lock_release
 .text.__sinit  0x0800bbc8       0x30 C:/ST/STM32CubeIDE_1.18.0/STM32CubeIDE/plugins/com.st.stm32cube.ide.mcu.externaltools.gnu-tools-for-stm32.13.3.rel1.win32_1.0.0.202411081344/tools/bin/../lib/gcc/arm-none-eabi/13.3.1/../../../../arm-none-eabi/lib/thumb/v7e-m+fp/hard\libc_nano.a(libc_a-findfp.o)
                0x0800bbc8                __sinit
 .text._fwalk_sglue
                0x0800bbf8       0x3c C:/ST/STM32CubeIDE_1.18.0/STM32CubeIDE/plugins/com.st.stm32cube.ide.mcu.externaltools.gnu-tools-for-stm32.13.3.rel1.win32_1.0.0.202411081344/tools/bin/../lib/gcc/arm-none-eabi/13.3.1/../../../../arm-none-eabi/lib/thumb/v7e-m+fp/hard\libc_nano.a(libc_a-fwalk.o)
                0x0800bbf8                _fwalk_sglue
 .text.printf   0x0800bc34       0x24 C:/ST/STM32CubeIDE_1.18.0/STM32CubeIDE/plugins/com.st.stm32cube.ide.mcu.externaltools.gnu-tools-for-stm32.13.3.rel1.win32_1.0.0.202411081344/tools/bin/../lib/gcc/arm-none-eabi/13.3.1/../../../../arm-none-eabi/lib/thumb/v7e-m+fp/hard\libc_nano.a(libc_a-printf.o)
                0x0800bc34                iprintf
                0x0800bc34                printf
 .text._puts_r  0x0800bc58       0xaa C:/ST/STM32CubeIDE_1.18.0/STM32CubeIDE/plugins/com.st.stm32cube.ide.mcu.externaltools.gnu-tools-for-stm32.13.3.rel1.win32_1.0.0.202411081344/tools/bin/../lib/gcc/arm-none-eabi/13.3.1/../../../../arm-none-eabi/lib/thumb/v7e-m+fp/hard\libc_nano.a(libc_a-puts.o)
                0x0800bc58                _puts_r
 *fill*         0x0800bd02        0x2 
 .text.puts     0x0800bd04       0x10 C:/ST/STM32CubeIDE_1.18.0/STM32CubeIDE/plugins/com.st.stm32cube.ide.mcu.externaltools.gnu-tools-for-stm32.13.3.rel1.win32_1.0.0.202411081344/tools/bin/../lib/gcc/arm-none-eabi/13.3.1/../../../../arm-none-eabi/lib/thumb/v7e-m+fp/hard\libc_nano.a(libc_a-puts.o)
                0x0800bd04                puts
 .text.sprintf  0x0800bd14       0x44 C:/ST/STM32CubeIDE_1.18.0/STM32CubeIDE/plugins/com.st.stm32cube.ide.mcu.externaltools.gnu-tools-for-stm32.13.3.rel1.win32_1.0.0.202411081344/tools/bin/../lib/gcc/arm-none-eabi/13.3.1/../../../../arm-none-eabi/lib/thumb/v7e-m+fp/hard\libc_nano.a(libc_a-sprintf.o)
                0x0800bd14                siprintf
                0x0800bd14                sprintf
 .text.__sread  0x0800bd58       0x22 C:/ST/STM32CubeIDE_1.18.0/STM32CubeIDE/plugins/com.st.stm32cube.ide.mcu.externaltools.gnu-tools-for-stm32.13.3.rel1.win32_1.0.0.202411081344/tools/bin/../lib/gcc/arm-none-eabi/13.3.1/../../../../arm-none-eabi/lib/thumb/v7e-m+fp/hard\libc_nano.a(libc_a-stdio.o)
                0x0800bd58                __sread
 .text.__swrite
                0x0800bd7a       0x38 C:/ST/STM32CubeIDE_1.18.0/STM32CubeIDE/plugins/com.st.stm32cube.ide.mcu.externaltools.gnu-tools-for-stm32.13.3.rel1.win32_1.0.0.202411081344/tools/bin/../lib/gcc/arm-none-eabi/13.3.1/../../../../arm-none-eabi/lib/thumb/v7e-m+fp/hard\libc_nano.a(libc_a-stdio.o)
                0x0800bd7a                __swrite
 .text.__sseek  0x0800bdb2       0x24 C:/ST/STM32CubeIDE_1.18.0/STM32CubeIDE/plugins/com.st.stm32cube.ide.mcu.externaltools.gnu-tools-for-stm32.13.3.rel1.win32_1.0.0.202411081344/tools/bin/../lib/gcc/arm-none-eabi/13.3.1/../../../../arm-none-eabi/lib/thumb/v7e-m+fp/hard\libc_nano.a(libc_a-stdio.o)
                0x0800bdb2                __sseek
 .text.__sclose
                0x0800bdd6        0x8 C:/ST/STM32CubeIDE_1.18.0/STM32CubeIDE/plugins/com.st.stm32cube.ide.mcu.externaltools.gnu-tools-for-stm32.13.3.rel1.win32_1.0.0.202411081344/tools/bin/../lib/gcc/arm-none-eabi/13.3.1/../../../../arm-none-eabi/lib/thumb/v7e-m+fp/hard\libc_nano.a(libc_a-stdio.o)
                0x0800bdd6                __sclose
 .text.__swbuf_r
                0x0800bdde       0x7c C:/ST/STM32CubeIDE_1.18.0/STM32CubeIDE/plugins/com.st.stm32cube.ide.mcu.externaltools.gnu-tools-for-stm32.13.3.rel1.win32_1.0.0.202411081344/tools/bin/../lib/gcc/arm-none-eabi/13.3.1/../../../../arm-none-eabi/lib/thumb/v7e-m+fp/hard\libc_nano.a(libc_a-wbuf.o)
                0x0800bdde                __swbuf_r
 *fill*         0x0800be5a        0x2 
 .text.__swsetup_r
                0x0800be5c       0xac C:/ST/STM32CubeIDE_1.18.0/STM32CubeIDE/plugins/com.st.stm32cube.ide.mcu.externaltools.gnu-tools-for-stm32.13.3.rel1.win32_1.0.0.202411081344/tools/bin/../lib/gcc/arm-none-eabi/13.3.1/../../../../arm-none-eabi/lib/thumb/v7e-m+fp/hard\libc_nano.a(libc_a-wsetup.o)
                0x0800be5c                __swsetup_r
 .text.memset   0x0800bf08       0x10 C:/ST/STM32CubeIDE_1.18.0/STM32CubeIDE/plugins/com.st.stm32cube.ide.mcu.externaltools.gnu-tools-for-stm32.13.3.rel1.win32_1.0.0.202411081344/tools/bin/../lib/gcc/arm-none-eabi/13.3.1/../../../../arm-none-eabi/lib/thumb/v7e-m+fp/hard\libc_nano.a(libc_a-memset.o)
                0x0800bf08                memset
 .text._localeconv_r
                0x0800bf18        0x8 C:/ST/STM32CubeIDE_1.18.0/STM32CubeIDE/plugins/com.st.stm32cube.ide.mcu.externaltools.gnu-tools-for-stm32.13.3.rel1.win32_1.0.0.202411081344/tools/bin/../lib/gcc/arm-none-eabi/13.3.1/../../../../arm-none-eabi/lib/thumb/v7e-m+fp/hard\libc_nano.a(libc_a-localeconv.o)
                0x0800bf18                _localeconv_r
 .text._close_r
                0x0800bf20       0x20 C:/ST/STM32CubeIDE_1.18.0/STM32CubeIDE/plugins/com.st.stm32cube.ide.mcu.externaltools.gnu-tools-for-stm32.13.3.rel1.win32_1.0.0.202411081344/tools/bin/../lib/gcc/arm-none-eabi/13.3.1/../../../../arm-none-eabi/lib/thumb/v7e-m+fp/hard\libc_nano.a(libc_a-closer.o)
                0x0800bf20                _close_r
 .text._lseek_r
                0x0800bf40       0x24 C:/ST/STM32CubeIDE_1.18.0/STM32CubeIDE/plugins/com.st.stm32cube.ide.mcu.externaltools.gnu-tools-for-stm32.13.3.rel1.win32_1.0.0.202411081344/tools/bin/../lib/gcc/arm-none-eabi/13.3.1/../../../../arm-none-eabi/lib/thumb/v7e-m+fp/hard\libc_nano.a(libc_a-lseekr.o)
                0x0800bf40                _lseek_r
 .text._read_r  0x0800bf64       0x24 C:/ST/STM32CubeIDE_1.18.0/STM32CubeIDE/plugins/com.st.stm32cube.ide.mcu.externaltools.gnu-tools-for-stm32.13.3.rel1.win32_1.0.0.202411081344/tools/bin/../lib/gcc/arm-none-eabi/13.3.1/../../../../arm-none-eabi/lib/thumb/v7e-m+fp/hard\libc_nano.a(libc_a-readr.o)
                0x0800bf64                _read_r
 .text._sbrk_r  0x0800bf88       0x20 C:/ST/STM32CubeIDE_1.18.0/STM32CubeIDE/plugins/com.st.stm32cube.ide.mcu.externaltools.gnu-tools-for-stm32.13.3.rel1.win32_1.0.0.202411081344/tools/bin/../lib/gcc/arm-none-eabi/13.3.1/../../../../arm-none-eabi/lib/thumb/v7e-m+fp/hard\libc_nano.a(libc_a-sbrkr.o)
                0x0800bf88                _sbrk_r
 .text._write_r
                0x0800bfa8       0x24 C:/ST/STM32CubeIDE_1.18.0/STM32CubeIDE/plugins/com.st.stm32cube.ide.mcu.externaltools.gnu-tools-for-stm32.13.3.rel1.win32_1.0.0.202411081344/tools/bin/../lib/gcc/arm-none-eabi/13.3.1/../../../../arm-none-eabi/lib/thumb/v7e-m+fp/hard\libc_nano.a(libc_a-writer.o)
                0x0800bfa8                _write_r
 .text.__errno  0x0800bfcc        0xc C:/ST/STM32CubeIDE_1.18.0/STM32CubeIDE/plugins/com.st.stm32cube.ide.mcu.externaltools.gnu-tools-for-stm32.13.3.rel1.win32_1.0.0.202411081344/tools/bin/../lib/gcc/arm-none-eabi/13.3.1/../../../../arm-none-eabi/lib/thumb/v7e-m+fp/hard\libc_nano.a(libc_a-errno.o)
                0x0800bfcc                __errno
 .text.__libc_init_array
                0x0800bfd8       0x48 C:/ST/STM32CubeIDE_1.18.0/STM32CubeIDE/plugins/com.st.stm32cube.ide.mcu.externaltools.gnu-tools-for-stm32.13.3.rel1.win32_1.0.0.202411081344/tools/bin/../lib/gcc/arm-none-eabi/13.3.1/../../../../arm-none-eabi/lib/thumb/v7e-m+fp/hard\libc_nano.a(libc_a-init.o)
                0x0800bfd8                __libc_init_array
 .text.__retarget_lock_init_recursive
                0x0800c020        0x2 C:/ST/STM32CubeIDE_1.18.0/STM32CubeIDE/plugins/com.st.stm32cube.ide.mcu.externaltools.gnu-tools-for-stm32.13.3.rel1.win32_1.0.0.202411081344/tools/bin/../lib/gcc/arm-none-eabi/13.3.1/../../../../arm-none-eabi/lib/thumb/v7e-m+fp/hard\libc_nano.a(libc_a-lock.o)
                0x0800c020                __retarget_lock_init_recursive
 .text.__retarget_lock_acquire_recursive
                0x0800c022        0x2 C:/ST/STM32CubeIDE_1.18.0/STM32CubeIDE/plugins/com.st.stm32cube.ide.mcu.externaltools.gnu-tools-for-stm32.13.3.rel1.win32_1.0.0.202411081344/tools/bin/../lib/gcc/arm-none-eabi/13.3.1/../../../../arm-none-eabi/lib/thumb/v7e-m+fp/hard\libc_nano.a(libc_a-lock.o)
                0x0800c022                __retarget_lock_acquire_recursive
 .text.__retarget_lock_release_recursive
                0x0800c024        0x2 C:/ST/STM32CubeIDE_1.18.0/STM32CubeIDE/plugins/com.st.stm32cube.ide.mcu.externaltools.gnu-tools-for-stm32.13.3.rel1.win32_1.0.0.202411081344/tools/bin/../lib/gcc/arm-none-eabi/13.3.1/../../../../arm-none-eabi/lib/thumb/v7e-m+fp/hard\libc_nano.a(libc_a-lock.o)
                0x0800c024                __retarget_lock_release_recursive
 *fill*         0x0800c026        0x2 
 .text.nanf     0x0800c028        0xc C:/ST/STM32CubeIDE_1.18.0/STM32CubeIDE/plugins/com.st.stm32cube.ide.mcu.externaltools.gnu-tools-for-stm32.13.3.rel1.win32_1.0.0.202411081344/tools/bin/../lib/gcc/arm-none-eabi/13.3.1/../../../../arm-none-eabi/lib/thumb/v7e-m+fp/hard\libc_nano.a(libm_a-sf_nan.o)
                0x0800c028                nanf
 .text.quorem   0x0800c034      0x110 C:/ST/STM32CubeIDE_1.18.0/STM32CubeIDE/plugins/com.st.stm32cube.ide.mcu.externaltools.gnu-tools-for-stm32.13.3.rel1.win32_1.0.0.202411081344/tools/bin/../lib/gcc/arm-none-eabi/13.3.1/../../../../arm-none-eabi/lib/thumb/v7e-m+fp/hard\libc_nano.a(libc_a-dtoa.o)
 *fill*         0x0800c144        0x4 
 .text._dtoa_r  0x0800c148      0xba0 C:/ST/STM32CubeIDE_1.18.0/STM32CubeIDE/plugins/com.st.stm32cube.ide.mcu.externaltools.gnu-tools-for-stm32.13.3.rel1.win32_1.0.0.202411081344/tools/bin/../lib/gcc/arm-none-eabi/13.3.1/../../../../arm-none-eabi/lib/thumb/v7e-m+fp/hard\libc_nano.a(libc_a-dtoa.o)
                0x0800c148                _dtoa_r
 .text._free_r  0x0800cce8       0x94 C:/ST/STM32CubeIDE_1.18.0/STM32CubeIDE/plugins/com.st.stm32cube.ide.mcu.externaltools.gnu-tools-for-stm32.13.3.rel1.win32_1.0.0.202411081344/tools/bin/../lib/gcc/arm-none-eabi/13.3.1/../../../../arm-none-eabi/lib/thumb/v7e-m+fp/hard\libc_nano.a(libc_a-freer.o)
                0x0800cce8                _free_r
 .text._Balloc  0x0800cd7c       0x80 C:/ST/STM32CubeIDE_1.18.0/STM32CubeIDE/plugins/com.st.stm32cube.ide.mcu.externaltools.gnu-tools-for-stm32.13.3.rel1.win32_1.0.0.202411081344/tools/bin/../lib/gcc/arm-none-eabi/13.3.1/../../../../arm-none-eabi/lib/thumb/v7e-m+fp/hard\libc_nano.a(libc_a-mprec.o)
                0x0800cd7c                _Balloc
 .text._Bfree   0x0800cdfc       0x44 C:/ST/STM32CubeIDE_1.18.0/STM32CubeIDE/plugins/com.st.stm32cube.ide.mcu.externaltools.gnu-tools-for-stm32.13.3.rel1.win32_1.0.0.202411081344/tools/bin/../lib/gcc/arm-none-eabi/13.3.1/../../../../arm-none-eabi/lib/thumb/v7e-m+fp/hard\libc_nano.a(libc_a-mprec.o)
                0x0800cdfc                _Bfree
 .text.__multadd
                0x0800ce40       0x8c C:/ST/STM32CubeIDE_1.18.0/STM32CubeIDE/plugins/com.st.stm32cube.ide.mcu.externaltools.gnu-tools-for-stm32.13.3.rel1.win32_1.0.0.202411081344/tools/bin/../lib/gcc/arm-none-eabi/13.3.1/../../../../arm-none-eabi/lib/thumb/v7e-m+fp/hard\libc_nano.a(libc_a-mprec.o)
                0x0800ce40                __multadd
 .text.__s2b    0x0800cecc       0x94 C:/ST/STM32CubeIDE_1.18.0/STM32CubeIDE/plugins/com.st.stm32cube.ide.mcu.externaltools.gnu-tools-for-stm32.13.3.rel1.win32_1.0.0.202411081344/tools/bin/../lib/gcc/arm-none-eabi/13.3.1/../../../../arm-none-eabi/lib/thumb/v7e-m+fp/hard\libc_nano.a(libc_a-mprec.o)
                0x0800cecc                __s2b
 .text.__hi0bits
                0x0800cf60       0x3e C:/ST/STM32CubeIDE_1.18.0/STM32CubeIDE/plugins/com.st.stm32cube.ide.mcu.externaltools.gnu-tools-for-stm32.13.3.rel1.win32_1.0.0.202411081344/tools/bin/../lib/gcc/arm-none-eabi/13.3.1/../../../../arm-none-eabi/lib/thumb/v7e-m+fp/hard\libc_nano.a(libc_a-mprec.o)
                0x0800cf60                __hi0bits
 .text.__lo0bits
                0x0800cf9e       0x5a C:/ST/STM32CubeIDE_1.18.0/STM32CubeIDE/plugins/com.st.stm32cube.ide.mcu.externaltools.gnu-tools-for-stm32.13.3.rel1.win32_1.0.0.202411081344/tools/bin/../lib/gcc/arm-none-eabi/13.3.1/../../../../arm-none-eabi/lib/thumb/v7e-m+fp/hard\libc_nano.a(libc_a-mprec.o)
                0x0800cf9e                __lo0bits
 .text.__i2b    0x0800cff8       0x2c C:/ST/STM32CubeIDE_1.18.0/STM32CubeIDE/plugins/com.st.stm32cube.ide.mcu.externaltools.gnu-tools-for-stm32.13.3.rel1.win32_1.0.0.202411081344/tools/bin/../lib/gcc/arm-none-eabi/13.3.1/../../../../arm-none-eabi/lib/thumb/v7e-m+fp/hard\libc_nano.a(libc_a-mprec.o)
                0x0800cff8                __i2b
 .text.__multiply
                0x0800d024      0x144 C:/ST/STM32CubeIDE_1.18.0/STM32CubeIDE/plugins/com.st.stm32cube.ide.mcu.externaltools.gnu-tools-for-stm32.13.3.rel1.win32_1.0.0.202411081344/tools/bin/../lib/gcc/arm-none-eabi/13.3.1/../../../../arm-none-eabi/lib/thumb/v7e-m+fp/hard\libc_nano.a(libc_a-mprec.o)
                0x0800d024                __multiply
 .text.__pow5mult
                0x0800d168       0xb4 C:/ST/STM32CubeIDE_1.18.0/STM32CubeIDE/plugins/com.st.stm32cube.ide.mcu.externaltools.gnu-tools-for-stm32.13.3.rel1.win32_1.0.0.202411081344/tools/bin/../lib/gcc/arm-none-eabi/13.3.1/../../../../arm-none-eabi/lib/thumb/v7e-m+fp/hard\libc_nano.a(libc_a-mprec.o)
                0x0800d168                __pow5mult
 .text.__lshift
                0x0800d21c       0xd8 C:/ST/STM32CubeIDE_1.18.0/STM32CubeIDE/plugins/com.st.stm32cube.ide.mcu.externaltools.gnu-tools-for-stm32.13.3.rel1.win32_1.0.0.202411081344/tools/bin/../lib/gcc/arm-none-eabi/13.3.1/../../../../arm-none-eabi/lib/thumb/v7e-m+fp/hard\libc_nano.a(libc_a-mprec.o)
                0x0800d21c                __lshift
 .text.__mcmp   0x0800d2f4       0x36 C:/ST/STM32CubeIDE_1.18.0/STM32CubeIDE/plugins/com.st.stm32cube.ide.mcu.externaltools.gnu-tools-for-stm32.13.3.rel1.win32_1.0.0.202411081344/tools/bin/../lib/gcc/arm-none-eabi/13.3.1/../../../../arm-none-eabi/lib/thumb/v7e-m+fp/hard\libc_nano.a(libc_a-mprec.o)
                0x0800d2f4                __mcmp
 *fill*         0x0800d32a        0x2 
 .text.__mdiff  0x0800d32c      0x128 C:/ST/STM32CubeIDE_1.18.0/STM32CubeIDE/plugins/com.st.stm32cube.ide.mcu.externaltools.gnu-tools-for-stm32.13.3.rel1.win32_1.0.0.202411081344/tools/bin/../lib/gcc/arm-none-eabi/13.3.1/../../../../arm-none-eabi/lib/thumb/v7e-m+fp/hard\libc_nano.a(libc_a-mprec.o)
                0x0800d32c                __mdiff
 .text.__ulp    0x0800d454       0x4c C:/ST/STM32CubeIDE_1.18.0/STM32CubeIDE/plugins/com.st.stm32cube.ide.mcu.externaltools.gnu-tools-for-stm32.13.3.rel1.win32_1.0.0.202411081344/tools/bin/../lib/gcc/arm-none-eabi/13.3.1/../../../../arm-none-eabi/lib/thumb/v7e-m+fp/hard\libc_nano.a(libc_a-mprec.o)
                0x0800d454                __ulp
 .text.__b2d    0x0800d4a0       0x94 C:/ST/STM32CubeIDE_1.18.0/STM32CubeIDE/plugins/com.st.stm32cube.ide.mcu.externaltools.gnu-tools-for-stm32.13.3.rel1.win32_1.0.0.202411081344/tools/bin/../lib/gcc/arm-none-eabi/13.3.1/../../../../arm-none-eabi/lib/thumb/v7e-m+fp/hard\libc_nano.a(libc_a-mprec.o)
                0x0800d4a0                __b2d
 .text.__d2b    0x0800d534       0xb0 C:/ST/STM32CubeIDE_1.18.0/STM32CubeIDE/plugins/com.st.stm32cube.ide.mcu.externaltools.gnu-tools-for-stm32.13.3.rel1.win32_1.0.0.202411081344/tools/bin/../lib/gcc/arm-none-eabi/13.3.1/../../../../arm-none-eabi/lib/thumb/v7e-m+fp/hard\libc_nano.a(libc_a-mprec.o)
                0x0800d534                __d2b
 .text.__ratio  0x0800d5e4       0x64 C:/ST/STM32CubeIDE_1.18.0/STM32CubeIDE/plugins/com.st.stm32cube.ide.mcu.externaltools.gnu-tools-for-stm32.13.3.rel1.win32_1.0.0.202411081344/tools/bin/../lib/gcc/arm-none-eabi/13.3.1/../../../../arm-none-eabi/lib/thumb/v7e-m+fp/hard\libc_nano.a(libc_a-mprec.o)
                0x0800d5e4                __ratio
 .text.__copybits
                0x0800d648       0x46 C:/ST/STM32CubeIDE_1.18.0/STM32CubeIDE/plugins/com.st.stm32cube.ide.mcu.externaltools.gnu-tools-for-stm32.13.3.rel1.win32_1.0.0.202411081344/tools/bin/../lib/gcc/arm-none-eabi/13.3.1/../../../../arm-none-eabi/lib/thumb/v7e-m+fp/hard\libc_nano.a(libc_a-mprec.o)
                0x0800d648                __copybits
 .text.__any_on
                0x0800d68e       0x42 C:/ST/STM32CubeIDE_1.18.0/STM32CubeIDE/plugins/com.st.stm32cube.ide.mcu.externaltools.gnu-tools-for-stm32.13.3.rel1.win32_1.0.0.202411081344/tools/bin/../lib/gcc/arm-none-eabi/13.3.1/../../../../arm-none-eabi/lib/thumb/v7e-m+fp/hard\libc_nano.a(libc_a-mprec.o)
                0x0800d68e                __any_on
 .text.sulp     0x0800d6d0       0x3c C:/ST/STM32CubeIDE_1.18.0/STM32CubeIDE/plugins/com.st.stm32cube.ide.mcu.externaltools.gnu-tools-for-stm32.13.3.rel1.win32_1.0.0.202411081344/tools/bin/../lib/gcc/arm-none-eabi/13.3.1/../../../../arm-none-eabi/lib/thumb/v7e-m+fp/hard\libc_nano.a(libc_a-strtod.o)
 *fill*         0x0800d70c        0x4 
 .text._strtod_l
                0x0800d710      0xbc8 C:/ST/STM32CubeIDE_1.18.0/STM32CubeIDE/plugins/com.st.stm32cube.ide.mcu.externaltools.gnu-tools-for-stm32.13.3.rel1.win32_1.0.0.202411081344/tools/bin/../lib/gcc/arm-none-eabi/13.3.1/../../../../arm-none-eabi/lib/thumb/v7e-m+fp/hard\libc_nano.a(libc_a-strtod.o)
                0x0800d710                _strtod_l
 .text._strtod_r
                0x0800e2d8        0xc C:/ST/STM32CubeIDE_1.18.0/STM32CubeIDE/plugins/com.st.stm32cube.ide.mcu.externaltools.gnu-tools-for-stm32.13.3.rel1.win32_1.0.0.202411081344/tools/bin/../lib/gcc/arm-none-eabi/13.3.1/../../../../arm-none-eabi/lib/thumb/v7e-m+fp/hard\libc_nano.a(libc_a-strtod.o)
                0x0800e2d8                _strtod_r
 .text._strtol_l.isra.0
                0x0800e2e4       0xf4 C:/ST/STM32CubeIDE_1.18.0/STM32CubeIDE/plugins/com.st.stm32cube.ide.mcu.externaltools.gnu-tools-for-stm32.13.3.rel1.win32_1.0.0.202411081344/tools/bin/../lib/gcc/arm-none-eabi/13.3.1/../../../../arm-none-eabi/lib/thumb/v7e-m+fp/hard\libc_nano.a(libc_a-strtol.o)
 .text._strtol_r
                0x0800e3d8        0x4 C:/ST/STM32CubeIDE_1.18.0/STM32CubeIDE/plugins/com.st.stm32cube.ide.mcu.externaltools.gnu-tools-for-stm32.13.3.rel1.win32_1.0.0.202411081344/tools/bin/../lib/gcc/arm-none-eabi/13.3.1/../../../../arm-none-eabi/lib/thumb/v7e-m+fp/hard\libc_nano.a(libc_a-strtol.o)
                0x0800e3d8                _strtol_r
 .text.__ssputs_r
                0x0800e3dc       0xb6 C:/ST/STM32CubeIDE_1.18.0/STM32CubeIDE/plugins/com.st.stm32cube.ide.mcu.externaltools.gnu-tools-for-stm32.13.3.rel1.win32_1.0.0.202411081344/tools/bin/../lib/gcc/arm-none-eabi/13.3.1/../../../../arm-none-eabi/lib/thumb/v7e-m+fp/hard\libc_nano.a(libc_a-nano-svfprintf.o)
                0x0800e3dc                __ssputs_r
 *fill*         0x0800e492        0x2 
 .text._svfprintf_r
                0x0800e494      0x1f8 C:/ST/STM32CubeIDE_1.18.0/STM32CubeIDE/plugins/com.st.stm32cube.ide.mcu.externaltools.gnu-tools-for-stm32.13.3.rel1.win32_1.0.0.202411081344/tools/bin/../lib/gcc/arm-none-eabi/13.3.1/../../../../arm-none-eabi/lib/thumb/v7e-m+fp/hard\libc_nano.a(libc_a-nano-svfprintf.o)
                0x0800e494                _svfiprintf_r
                0x0800e494                _svfprintf_r
 .text.__sfputc_r
                0x0800e68c       0x2e C:/ST/STM32CubeIDE_1.18.0/STM32CubeIDE/plugins/com.st.stm32cube.ide.mcu.externaltools.gnu-tools-for-stm32.13.3.rel1.win32_1.0.0.202411081344/tools/bin/../lib/gcc/arm-none-eabi/13.3.1/../../../../arm-none-eabi/lib/thumb/v7e-m+fp/hard\libc_nano.a(libc_a-nano-vfprintf.o)
 .text.__sfputs_r
                0x0800e6ba       0x24 C:/ST/STM32CubeIDE_1.18.0/STM32CubeIDE/plugins/com.st.stm32cube.ide.mcu.externaltools.gnu-tools-for-stm32.13.3.rel1.win32_1.0.0.202411081344/tools/bin/../lib/gcc/arm-none-eabi/13.3.1/../../../../arm-none-eabi/lib/thumb/v7e-m+fp/hard\libc_nano.a(libc_a-nano-vfprintf.o)
                0x0800e6ba                __sfputs_r
 *fill*         0x0800e6de        0x2 
 .text._vfprintf_r
                0x0800e6e0      0x230 C:/ST/STM32CubeIDE_1.18.0/STM32CubeIDE/plugins/com.st.stm32cube.ide.mcu.externaltools.gnu-tools-for-stm32.13.3.rel1.win32_1.0.0.202411081344/tools/bin/../lib/gcc/arm-none-eabi/13.3.1/../../../../arm-none-eabi/lib/thumb/v7e-m+fp/hard\libc_nano.a(libc_a-nano-vfprintf.o)
                0x0800e6e0                _vfprintf_r
                0x0800e6e0                _vfiprintf_r
 .text.__sflush_r
                0x0800e910      0x108 C:/ST/STM32CubeIDE_1.18.0/STM32CubeIDE/plugins/com.st.stm32cube.ide.mcu.externaltools.gnu-tools-for-stm32.13.3.rel1.win32_1.0.0.202411081344/tools/bin/../lib/gcc/arm-none-eabi/13.3.1/../../../../arm-none-eabi/lib/thumb/v7e-m+fp/hard\libc_nano.a(libc_a-fflush.o)
                0x0800e910                __sflush_r
 .text._fflush_r
                0x0800ea18       0x50 C:/ST/STM32CubeIDE_1.18.0/STM32CubeIDE/plugins/com.st.stm32cube.ide.mcu.externaltools.gnu-tools-for-stm32.13.3.rel1.win32_1.0.0.202411081344/tools/bin/../lib/gcc/arm-none-eabi/13.3.1/../../../../arm-none-eabi/lib/thumb/v7e-m+fp/hard\libc_nano.a(libc_a-fflush.o)
                0x0800ea18                _fflush_r
 .text.__swhatbuf_r
                0x0800ea68       0x4c C:/ST/STM32CubeIDE_1.18.0/STM32CubeIDE/plugins/com.st.stm32cube.ide.mcu.externaltools.gnu-tools-for-stm32.13.3.rel1.win32_1.0.0.202411081344/tools/bin/../lib/gcc/arm-none-eabi/13.3.1/../../../../arm-none-eabi/lib/thumb/v7e-m+fp/hard\libc_nano.a(libc_a-makebuf.o)
                0x0800ea68                __swhatbuf_r
 .text.__smakebuf_r
                0x0800eab4       0x78 C:/ST/STM32CubeIDE_1.18.0/STM32CubeIDE/plugins/com.st.stm32cube.ide.mcu.externaltools.gnu-tools-for-stm32.13.3.rel1.win32_1.0.0.202411081344/tools/bin/../lib/gcc/arm-none-eabi/13.3.1/../../../../arm-none-eabi/lib/thumb/v7e-m+fp/hard\libc_nano.a(libc_a-makebuf.o)
                0x0800eab4                __smakebuf_r
 .text.memmove  0x0800eb2c       0x34 C:/ST/STM32CubeIDE_1.18.0/STM32CubeIDE/plugins/com.st.stm32cube.ide.mcu.externaltools.gnu-tools-for-stm32.13.3.rel1.win32_1.0.0.202411081344/tools/bin/../lib/gcc/arm-none-eabi/13.3.1/../../../../arm-none-eabi/lib/thumb/v7e-m+fp/hard\libc_nano.a(libc_a-memmove.o)
                0x0800eb2c                memmove
 .text.strncmp  0x0800eb60       0x24 C:/ST/STM32CubeIDE_1.18.0/STM32CubeIDE/plugins/com.st.stm32cube.ide.mcu.externaltools.gnu-tools-for-stm32.13.3.rel1.win32_1.0.0.202411081344/tools/bin/../lib/gcc/arm-none-eabi/13.3.1/../../../../arm-none-eabi/lib/thumb/v7e-m+fp/hard\libc_nano.a(libc_a-strncmp.o)
                0x0800eb60                strncmp
 .text._fstat_r
                0x0800eb84       0x24 C:/ST/STM32CubeIDE_1.18.0/STM32CubeIDE/plugins/com.st.stm32cube.ide.mcu.externaltools.gnu-tools-for-stm32.13.3.rel1.win32_1.0.0.202411081344/tools/bin/../lib/gcc/arm-none-eabi/13.3.1/../../../../arm-none-eabi/lib/thumb/v7e-m+fp/hard\libc_nano.a(libc_a-fstatr.o)
                0x0800eb84                _fstat_r
 .text._isatty_r
                0x0800eba8       0x20 C:/ST/STM32CubeIDE_1.18.0/STM32CubeIDE/plugins/com.st.stm32cube.ide.mcu.externaltools.gnu-tools-for-stm32.13.3.rel1.win32_1.0.0.202411081344/tools/bin/../lib/gcc/arm-none-eabi/13.3.1/../../../../arm-none-eabi/lib/thumb/v7e-m+fp/hard\libc_nano.a(libc_a-isattyr.o)
                0x0800eba8                _isatty_r